
 RUN  v4.1.5 /Users/anilrajput/containers/homefirst-Customs/Candidate-Portal

 ❯ tests/lib/hooks/useJobOffer.test.tsx (0 test)
 ❯ tests/components/jobs/job-applicant/job-applicant-form.test.tsx (18 tests | 18 failed) 89ms
       × renders loading spinner when isLoading is true 36ms
       × renders null when no tabs 2ms
       × renders step navigation sidebar 3ms
       × renders main content area 3ms
       × displays current step header 5ms
       × displays job application step component 3ms
       × navigates to next step when handleNext is called 1ms
       × navigates to previous step when handlePrev is called 2ms
       × prevents navigation beyond last step 1ms
       × prevents navigation before first step 4ms
       × shows warning when required fields are missing on step change 2ms
       × allows step change when all required fields are filled 3ms
       × marks step as complete when navigating away 4ms
       × accumulates completed steps 2ms
       × renders sidebar navigation 3ms
       × renders main content area with proper layout 2ms
       × generates correct step key from tab name 3ms
       × receives and passes jobID prop correctly 3ms
stderr | tests/components/job-detail-dialog.test.tsx > JobDetailDialog > renders dialog when open is true
In HTML, <div> cannot be a descendant of <p>.
This will cause a hydration error.

  ...
    <FocusScope asChild={true} loop={true} trapped={true} onMountAutoFocus={undefined} ...>
      <Primitive.div tabIndex={-1} asChild={true} ref={function} onKeyDown={function}>
        <Primitive.div.Slot tabIndex={-1} onKeyDown={function} ref={function}>
          <Primitive.div.SlotClone tabIndex={-1} onKeyDown={function} ref={function}>
            <DismissableLayer role="dialog" id="radix-«r3»" aria-describedby="radix-«r5»" aria-labelledby="radix-«r4»" ...>
              <Primitive.div role="dialog" id="radix-«r3»" aria-describedby="radix-«r5»" aria-labelledby="radix-«r4»" ...>
                <div role="dialog" id="radix-«r3»" aria-describedby="radix-«r5»" aria-labelledby="radix-«r4»" ...>
                  <DialogHeader>
                    <div data-slot="dialog-header" className="flex flex-...">
                      <DialogTitle>
                      <DialogDescription className="flex flex-...">
                        <DialogDescription data-slot="dialog-des..." className="flex flex-...">
                          <Primitive.p id="radix-«r5»" data-slot="dialog-des..." className="flex flex-..." ref={null}>
>                           <p
>                             id="radix-«r5»"
>                             data-slot="dialog-description"
>                             className="flex flex-wrap items-center gap-2 pt-1 text-xs text-muted-foreground"
>                             ref={null}
>                           >
                              <span className="inline-fle...">
                                <Building2 className="h-3 w-3">
>                                 <div data-testid="icon-building">
                                ...
                              ...
                  ...
                  ...
    ...

<p> cannot contain a nested <div>.
See this log for the ancestor stack trace.

Not implemented: navigation to another Document
 ❯ tests/components/action-center/assigned-tasks-list.test.tsx (5 tests | 1 failed) 883ms
     ✓ renders group category containers and child task data properly 85ms
     ✓ exercises the filter fallback boundary yielding absolute passthrough visibility (Line 86) 134ms
     ✓ detects total coverage on zero record state triggering localized empty warning (Line 102) 30ms
     ✓ triggers complex inline attachment container lifecycle spanning modal ignition through termination (Lines 144-145, 202)  564ms
     × synchronizes correct dynamic traversal during state specific redirection routing (Lines 169, 178) 63ms
 ❯ tests/components/job-application-step.test.tsx (18 tests | 18 failed) 106ms
     × renders form with sections and fields 35ms
     × renders Previous and Next buttons 6ms
     × disables Previous button on first step 4ms
     × enables Previous button on non-first step 3ms
     × shows 'Submit Application' button on last step 4ms
     × calls onPrev when Previous button is clicked 5ms
     × calls onNext when Next button is clicked with valid data 2ms
     × applies custom className 3ms
     × hides hidden fields 5ms
     × renders readonly fields as disabled 4ms
     × displays section title when different from tab 3ms
     × renders multiple sections 3ms
     × renders table field correctly and handles input change via dynamic renderer 4ms
     × successfully renders field override component definitions 3ms
     × executes handleFileUpload logic during component interaction 2ms
     × constructs final payload and processes mutation success and failure callbacks 1ms
     × handles existing step data fallback and triggers effect re-sync on prop update 13ms
     × properly branches form submission and invokes callback for intermediate steps 3ms
 ❯ tests/components/my-jobs/applied-jobs-timeline.test.tsx (30 tests | 30 failed) 123ms
       × renders application card 55ms
       × displays job title 5ms
       × displays company name with icon 4ms
       × displays location with icon 3ms
       × displays experience level with icon 2ms
       × displays job type with icon 3ms
       × renders View Application button 4ms
       × renders all four pipeline stages 2ms
       × displays stage dates for completed stages 2ms
       × does not display date for future stages without date 2ms
       × indicates current stage correctly for applied 5ms
       × indicates current stage correctly for review 1ms
       × indicates current stage correctly for interview 2ms
       × indicates current stage correctly for transitioning 3ms
       × renders multiple application cards 4ms
       × renders correct number of cards 1ms
       × maintains separate state for each application 1ms
       × renders empty container for empty applications array 7ms
       × applies custom className to root container 1ms
       × maintains default classes with custom className 1ms
       × correctly maps stage keys to indices 1ms
       × handles unknown stage keys gracefully 1ms
       × renders timeline connector elements 3ms
       × renders stage circle indicators 3ms
       × applies different styling for completed vs pending stages 1ms
       × renders all job details in metadata badges 1ms
       × maintains consistent metadata badge structure 1ms
       × handles application with no stage dates 1ms
       × handles very long job titles 1ms
       × handles applications with special characters in fields 1ms
 ❯ tests/components/job-detail-dialog.test.tsx (18 tests | 4 failed) 921ms
     ✓ returns null when job is null 17ms
     ✓ does not render dialog when open is false 39ms
     ✓ renders dialog when open is true  316ms
     ✓ renders job title in dialog header 46ms
     × renders job company, location, experience, and salary in description 44ms
     × renders match percentage section 44ms
     ✓ renders job description section 29ms
     ✓ renders Cancel and Apply buttons 26ms
     ✓ calls onOpenChange when Cancel button is clicked 39ms
     ✓ closes dialog and navigates to apply page when Apply button is clicked 46ms
     ✓ displays all detail icons 31ms
     ✓ renders job with minimal data 33ms
     ✓ navigates with correct job id 44ms
     ✓ handles optional description field 34ms
     ✓ handles long job title 29ms
     × renders match percentage with correct styling 29ms
     × renders match explanation text 41ms
     ✓ closes dialog when clicking outside (backdrop) 31ms
 ❯ tests/components/job-applicant-form.test.tsx (11 tests | 11 failed) 41ms
     × renders loading state 22ms
     × returns null when no tabs are available 2ms
     × displays sidebar navigation 1ms
     × renders form content for current step 2ms
     × renders Next Step button on first step 2ms
     × disables Previous button on first step 2ms
     × shows initial progress in sidebar 1ms
     × has form element with test id 1ms
     × renders all form sections 2ms
     × renders both navigation buttons 2ms
     × maintains layout structure with main content 1ms
 ❯ tests/app/job_offer/job-offer.test.tsx (0 test)
 ❯ tests/lib/validation/schemas.test.ts (0 test)
stderr | tests/components/ui/sheet.test.tsx > Sheet Components > Sheet > manages open/close state
`DialogContent` requires a `DialogTitle` for the component to be accessible for screen reader users.

If you want to hide the `DialogTitle`, you can wrap it with our VisuallyHidden component.

For more information, see https://radix-ui.com/primitives/docs/components/dialog
Warning: Missing `Description` or `aria-describedby={undefined}` for {DialogContent}.

stderr | tests/components/ui/sheet.test.tsx > Sheet Components > Sheet > accepts open prop for controlled state
`DialogContent` requires a `DialogTitle` for the component to be accessible for screen reader users.

If you want to hide the `DialogTitle`, you can wrap it with our VisuallyHidden component.

For more information, see https://radix-ui.com/primitives/docs/components/dialog
Warning: Missing `Description` or `aria-describedby={undefined}` for {DialogContent}.

stderr | tests/components/ui/sheet.test.tsx > Sheet Components > Sheet > accepts onOpenChange callback
`DialogContent` requires a `DialogTitle` for the component to be accessible for screen reader users.

If you want to hide the `DialogTitle`, you can wrap it with our VisuallyHidden component.

For more information, see https://radix-ui.com/primitives/docs/components/dialog
Warning: Missing `Description` or `aria-describedby={undefined}` for {DialogContent}.

stderr | tests/components/portal-navigation.test.tsx > PortalNavigation > renders navigation header
Received `true` for a non-boolean attribute `priority`.

If you want to write it to the DOM, pass a string instead: priority="true" or priority={value.toString()}.

stderr | tests/components/ui/sheet.test.tsx > Sheet Components > SheetTrigger > opens sheet on click
`DialogContent` requires a `DialogTitle` for the component to be accessible for screen reader users.

If you want to hide the `DialogTitle`, you can wrap it with our VisuallyHidden component.

For more information, see https://radix-ui.com/primitives/docs/components/dialog
Warning: Missing `Description` or `aria-describedby={undefined}` for {DialogContent}.

stderr | tests/components/ui/sheet.test.tsx > Sheet Components > SheetContent > renders sheet content when open
`DialogContent` requires a `DialogTitle` for the component to be accessible for screen reader users.

If you want to hide the `DialogTitle`, you can wrap it with our VisuallyHidden component.

For more information, see https://radix-ui.com/primitives/docs/components/dialog
Warning: Missing `Description` or `aria-describedby={undefined}` for {DialogContent}.

stderr | tests/components/ui/sheet.test.tsx > Sheet Components > SheetContent > renders as dialog element
`DialogContent` requires a `DialogTitle` for the component to be accessible for screen reader users.

If you want to hide the `DialogTitle`, you can wrap it with our VisuallyHidden component.

For more information, see https://radix-ui.com/primitives/docs/components/dialog
Warning: Missing `Description` or `aria-describedby={undefined}` for {DialogContent}.

stderr | tests/components/ui/sheet.test.tsx > Sheet Components > SheetContent > supports different side positions
`DialogContent` requires a `DialogTitle` for the component to be accessible for screen reader users.

If you want to hide the `DialogTitle`, you can wrap it with our VisuallyHidden component.

For more information, see https://radix-ui.com/primitives/docs/components/dialog
Warning: Missing `Description` or `aria-describedby={undefined}` for {DialogContent}.

stderr | tests/components/ui/sheet.test.tsx > Sheet Components > SheetContent > supports different side positions
`DialogContent` requires a `DialogTitle` for the component to be accessible for screen reader users.

If you want to hide the `DialogTitle`, you can wrap it with our VisuallyHidden component.

For more information, see https://radix-ui.com/primitives/docs/components/dialog
Warning: Missing `Description` or `aria-describedby={undefined}` for {DialogContent}.

stderr | tests/components/ui/sheet.test.tsx > Sheet Components > SheetContent > supports different side positions
`DialogContent` requires a `DialogTitle` for the component to be accessible for screen reader users.

If you want to hide the `DialogTitle`, you can wrap it with our VisuallyHidden component.

For more information, see https://radix-ui.com/primitives/docs/components/dialog
Warning: Missing `Description` or `aria-describedby={undefined}` for {DialogContent}.

stderr | tests/components/ui/sheet.test.tsx > Sheet Components > SheetContent > supports different side positions
`DialogContent` requires a `DialogTitle` for the component to be accessible for screen reader users.

If you want to hide the `DialogTitle`, you can wrap it with our VisuallyHidden component.

For more information, see https://radix-ui.com/primitives/docs/components/dialog
Warning: Missing `Description` or `aria-describedby={undefined}` for {DialogContent}.

stderr | tests/components/ui/sheet.test.tsx > Sheet Components > SheetContent > includes a close button inside the dialog
`DialogContent` requires a `DialogTitle` for the component to be accessible for screen reader users.

If you want to hide the `DialogTitle`, you can wrap it with our VisuallyHidden component.

For more information, see https://radix-ui.com/primitives/docs/components/dialog
Warning: Missing `Description` or `aria-describedby={undefined}` for {DialogContent}.

stderr | tests/components/frappe-config.test.tsx > FrappeConfig > simulates successful connection and enables direct submit navigation
An update to FrappeConfig inside a test was not wrapped in act(...).

When testing, code that causes React state updates should be wrapped into act(...):

act(() => {
  /* fire events that update state */
});
/* assert on the output */

This ensures that you're testing the behavior the user would see in the browser. Learn more at https://react.dev/link/wrap-tests-with-act
An update to FrappeConfig inside a test was not wrapped in act(...).

When testing, code that causes React state updates should be wrapped into act(...):

act(() => {
  /* fire events that update state */
});
/* assert on the output */

This ensures that you're testing the behavior the user would see in the browser. Learn more at https://react.dev/link/wrap-tests-with-act

stderr | tests/components/ui/sheet.test.tsx > Sheet Components > SheetContent > closes when the built-in close button is clicked
`DialogContent` requires a `DialogTitle` for the component to be accessible for screen reader users.

If you want to hide the `DialogTitle`, you can wrap it with our VisuallyHidden component.

For more information, see https://radix-ui.com/primitives/docs/components/dialog
Warning: Missing `Description` or `aria-describedby={undefined}` for {DialogContent}.

stderr | tests/components/ui/sheet.test.tsx > Sheet Components > SheetContent > applies custom className
`DialogContent` requires a `DialogTitle` for the component to be accessible for screen reader users.

If you want to hide the `DialogTitle`, you can wrap it with our VisuallyHidden component.

For more information, see https://radix-ui.com/primitives/docs/components/dialog
Warning: Missing `Description` or `aria-describedby={undefined}` for {DialogContent}.

stderr | tests/app/(auth)/login/page.test.tsx > LoginPage – Error Handling > displays error message when auth.signIn throws an Error
Login error: Error: Invalid login credentials
    at /Users/anilrajput/containers/homefirst-Customs/Candidate-Portal/tests/app/(auth)/login/page.test.tsx:169:34
    at file:///Users/anilrajput/containers/homefirst-Customs/Candidate-Portal/node_modules/@vitest/runner/dist/chunk-artifact.js:302:11
    at file:///Users/anilrajput/containers/homefirst-Customs/Candidate-Portal/node_modules/@vitest/runner/dist/chunk-artifact.js:1903:26
    at file:///Users/anilrajput/containers/homefirst-Customs/Candidate-Portal/node_modules/@vitest/runner/dist/chunk-artifact.js:2326:20
    at new Promise (<anonymous>)
    at runWithCancel (file:///Users/anilrajput/containers/homefirst-Customs/Candidate-Portal/node_modules/@vitest/runner/dist/chunk-artifact.js:2323:10)
    at file:///Users/anilrajput/containers/homefirst-Customs/Candidate-Portal/node_modules/@vitest/runner/dist/chunk-artifact.js:2305:20
    at new Promise (<anonymous>)
    at runWithTimeout (file:///Users/anilrajput/containers/homefirst-Customs/Candidate-Portal/node_modules/@vitest/runner/dist/chunk-artifact.js:2272:10)
    at file:///Users/anilrajput/containers/homefirst-Customs/Candidate-Portal/node_modules/@vitest/runner/dist/chunk-artifact.js:2955:64

stderr | tests/components/ui/sheet.test.tsx > Sheet Components > SheetContent > renders children correctly
`DialogContent` requires a `DialogTitle` for the component to be accessible for screen reader users.

If you want to hide the `DialogTitle`, you can wrap it with our VisuallyHidden component.

For more information, see https://radix-ui.com/primitives/docs/components/dialog
Warning: Missing `Description` or `aria-describedby={undefined}` for {DialogContent}.

stderr | tests/components/ui/sheet.test.tsx > Sheet Components > SheetClose > renders as button element
`DialogContent` requires a `DialogTitle` for the component to be accessible for screen reader users.

If you want to hide the `DialogTitle`, you can wrap it with our VisuallyHidden component.

For more information, see https://radix-ui.com/primitives/docs/components/dialog
Warning: Missing `Description` or `aria-describedby={undefined}` for {DialogContent}.

stderr | tests/components/ui/sheet.test.tsx > Sheet Components > SheetClose > closes sheet when clicked
`DialogContent` requires a `DialogTitle` for the component to be accessible for screen reader users.

If you want to hide the `DialogTitle`, you can wrap it with our VisuallyHidden component.

For more information, see https://radix-ui.com/primitives/docs/components/dialog
Warning: Missing `Description` or `aria-describedby={undefined}` for {DialogContent}.

stderr | tests/app/(auth)/login/page.test.tsx > LoginPage – Error Handling > displays generic message when non-Error is thrown
Login error: some string error

stderr | tests/components/ui/sheet.test.tsx > Sheet Components > SheetClose > accepts asChild prop
`DialogContent` requires a `DialogTitle` for the component to be accessible for screen reader users.

If you want to hide the `DialogTitle`, you can wrap it with our VisuallyHidden component.

For more information, see https://radix-ui.com/primitives/docs/components/dialog
Warning: Missing `Description` or `aria-describedby={undefined}` for {DialogContent}.

stderr | tests/components/ui/sheet.test.tsx > Sheet Components > SheetHeader > renders header container
`DialogContent` requires a `DialogTitle` for the component to be accessible for screen reader users.

If you want to hide the `DialogTitle`, you can wrap it with our VisuallyHidden component.

For more information, see https://radix-ui.com/primitives/docs/components/dialog
Warning: Missing `Description` or `aria-describedby={undefined}` for {DialogContent}.

stderr | tests/components/ui/sheet.test.tsx > Sheet Components > SheetHeader > has correct flex styling
`DialogContent` requires a `DialogTitle` for the component to be accessible for screen reader users.

If you want to hide the `DialogTitle`, you can wrap it with our VisuallyHidden component.

For more information, see https://radix-ui.com/primitives/docs/components/dialog
Warning: Missing `Description` or `aria-describedby={undefined}` for {DialogContent}.

stderr | tests/app/(auth)/login/page.test.tsx > LoginPage – Error Handling > renders error inside an Alert component with role='alert'
Login error: Error: Bad creds
    at /Users/anilrajput/containers/homefirst-Customs/Candidate-Portal/tests/app/(auth)/login/page.test.tsx:195:34
    at file:///Users/anilrajput/containers/homefirst-Customs/Candidate-Portal/node_modules/@vitest/runner/dist/chunk-artifact.js:302:11
    at file:///Users/anilrajput/containers/homefirst-Customs/Candidate-Portal/node_modules/@vitest/runner/dist/chunk-artifact.js:1903:26
    at file:///Users/anilrajput/containers/homefirst-Customs/Candidate-Portal/node_modules/@vitest/runner/dist/chunk-artifact.js:2326:20
    at new Promise (<anonymous>)
    at runWithCancel (file:///Users/anilrajput/containers/homefirst-Customs/Candidate-Portal/node_modules/@vitest/runner/dist/chunk-artifact.js:2323:10)
    at file:///Users/anilrajput/containers/homefirst-Customs/Candidate-Portal/node_modules/@vitest/runner/dist/chunk-artifact.js:2305:20
    at new Promise (<anonymous>)
    at runWithTimeout (file:///Users/anilrajput/containers/homefirst-Customs/Candidate-Portal/node_modules/@vitest/runner/dist/chunk-artifact.js:2272:10)
    at file:///Users/anilrajput/containers/homefirst-Customs/Candidate-Portal/node_modules/@vitest/runner/dist/chunk-artifact.js:2955:64

stderr | tests/components/ui/sheet.test.tsx > Sheet Components > SheetHeader > applies custom className
`DialogContent` requires a `DialogTitle` for the component to be accessible for screen reader users.

If you want to hide the `DialogTitle`, you can wrap it with our VisuallyHidden component.

For more information, see https://radix-ui.com/primitives/docs/components/dialog
Warning: Missing `Description` or `aria-describedby={undefined}` for {DialogContent}.

stderr | tests/components/ui/sheet.test.tsx > Sheet Components > SheetFooter > renders footer container
`DialogContent` requires a `DialogTitle` for the component to be accessible for screen reader users.

If you want to hide the `DialogTitle`, you can wrap it with our VisuallyHidden component.

For more information, see https://radix-ui.com/primitives/docs/components/dialog
Warning: Missing `Description` or `aria-describedby={undefined}` for {DialogContent}.

stderr | tests/components/ui/sheet.test.tsx > Sheet Components > SheetFooter > has correct flex styling for buttons
`DialogContent` requires a `DialogTitle` for the component to be accessible for screen reader users.

If you want to hide the `DialogTitle`, you can wrap it with our VisuallyHidden component.

For more information, see https://radix-ui.com/primitives/docs/components/dialog
Warning: Missing `Description` or `aria-describedby={undefined}` for {DialogContent}.

stderr | tests/components/ui/sheet.test.tsx > Sheet Components > SheetFooter > applies custom className
`DialogContent` requires a `DialogTitle` for the component to be accessible for screen reader users.

If you want to hide the `DialogTitle`, you can wrap it with our VisuallyHidden component.

For more information, see https://radix-ui.com/primitives/docs/components/dialog
Warning: Missing `Description` or `aria-describedby={undefined}` for {DialogContent}.

stderr | tests/components/ui/sheet.test.tsx > Sheet Components > SheetTitle > renders as heading element
Warning: Missing `Description` or `aria-describedby={undefined}` for {DialogContent}.

stderr | tests/app/(auth)/login/page.test.tsx > LoginPage – Error Handling > does NOT redirect when login fails
Login error: Error: fail
    at /Users/anilrajput/containers/homefirst-Customs/Candidate-Portal/tests/app/(auth)/login/page.test.tsx:208:34
    at file:///Users/anilrajput/containers/homefirst-Customs/Candidate-Portal/node_modules/@vitest/runner/dist/chunk-artifact.js:302:11
    at file:///Users/anilrajput/containers/homefirst-Customs/Candidate-Portal/node_modules/@vitest/runner/dist/chunk-artifact.js:1903:26
    at file:///Users/anilrajput/containers/homefirst-Customs/Candidate-Portal/node_modules/@vitest/runner/dist/chunk-artifact.js:2326:20
    at new Promise (<anonymous>)
    at runWithCancel (file:///Users/anilrajput/containers/homefirst-Customs/Candidate-Portal/node_modules/@vitest/runner/dist/chunk-artifact.js:2323:10)
    at file:///Users/anilrajput/containers/homefirst-Customs/Candidate-Portal/node_modules/@vitest/runner/dist/chunk-artifact.js:2305:20
    at new Promise (<anonymous>)
    at runWithTimeout (file:///Users/anilrajput/containers/homefirst-Customs/Candidate-Portal/node_modules/@vitest/runner/dist/chunk-artifact.js:2272:10)
    at file:///Users/anilrajput/containers/homefirst-Customs/Candidate-Portal/node_modules/@vitest/runner/dist/chunk-artifact.js:2955:64

stderr | tests/components/ui/sheet.test.tsx > Sheet Components > SheetTitle > has correct styling
Warning: Missing `Description` or `aria-describedby={undefined}` for {DialogContent}.

stderr | tests/components/ui/sheet.test.tsx > Sheet Components > SheetTitle > applies custom className
Warning: Missing `Description` or `aria-describedby={undefined}` for {DialogContent}.

stderr | tests/components/ui/sheet.test.tsx > Sheet Components > SheetDescription > renders description text
`DialogContent` requires a `DialogTitle` for the component to be accessible for screen reader users.

If you want to hide the `DialogTitle`, you can wrap it with our VisuallyHidden component.

For more information, see https://radix-ui.com/primitives/docs/components/dialog

stderr | tests/app/(auth)/login/page.test.tsx > LoginPage – Error Handling > re-enables the submit button after an error
Login error: Error: fail
    at /Users/anilrajput/containers/homefirst-Customs/Candidate-Portal/tests/app/(auth)/login/page.test.tsx:222:34
    at file:///Users/anilrajput/containers/homefirst-Customs/Candidate-Portal/node_modules/@vitest/runner/dist/chunk-artifact.js:302:11
    at file:///Users/anilrajput/containers/homefirst-Customs/Candidate-Portal/node_modules/@vitest/runner/dist/chunk-artifact.js:1903:26
    at file:///Users/anilrajput/containers/homefirst-Customs/Candidate-Portal/node_modules/@vitest/runner/dist/chunk-artifact.js:2326:20
    at new Promise (<anonymous>)
    at runWithCancel (file:///Users/anilrajput/containers/homefirst-Customs/Candidate-Portal/node_modules/@vitest/runner/dist/chunk-artifact.js:2323:10)
    at file:///Users/anilrajput/containers/homefirst-Customs/Candidate-Portal/node_modules/@vitest/runner/dist/chunk-artifact.js:2305:20
    at new Promise (<anonymous>)
    at runWithTimeout (file:///Users/anilrajput/containers/homefirst-Customs/Candidate-Portal/node_modules/@vitest/runner/dist/chunk-artifact.js:2272:10)
    at file:///Users/anilrajput/containers/homefirst-Customs/Candidate-Portal/node_modules/@vitest/runner/dist/chunk-artifact.js:2955:64

stderr | tests/components/ui/sheet.test.tsx > Sheet Components > SheetDescription > has correct styling
`DialogContent` requires a `DialogTitle` for the component to be accessible for screen reader users.

If you want to hide the `DialogTitle`, you can wrap it with our VisuallyHidden component.

For more information, see https://radix-ui.com/primitives/docs/components/dialog

stderr | tests/components/ui/sheet.test.tsx > Sheet Components > SheetDescription > applies custom className
`DialogContent` requires a `DialogTitle` for the component to be accessible for screen reader users.

If you want to hide the `DialogTitle`, you can wrap it with our VisuallyHidden component.

For more information, see https://radix-ui.com/primitives/docs/components/dialog

stderr | tests/components/ui/sheet.test.tsx > Sheet Components > Sheet Integration - Complete Example > renders sheet with form content
Warning: Missing `Description` or `aria-describedby={undefined}` for {DialogContent}.

 ✓ tests/components/ui/dropdown-menu.test.tsx (27 tests) 3188ms
       ✓ opens and closes menu on trigger click  464ms
stderr | tests/components/ui/sheet.test.tsx > Sheet Components > Accessibility > supports keyboard navigation
`DialogContent` requires a `DialogTitle` for the component to be accessible for screen reader users.

If you want to hide the `DialogTitle`, you can wrap it with our VisuallyHidden component.

For more information, see https://radix-ui.com/primitives/docs/components/dialog
Warning: Missing `Description` or `aria-describedby={undefined}` for {DialogContent}.

stderr | tests/app/(auth)/login/page.test.tsx > LoginPage – Error Handling > clears previous error when attempting another login
Login error: Error: First error
    at /Users/anilrajput/containers/homefirst-Customs/Candidate-Portal/tests/app/(auth)/login/page.test.tsx:239:30
    at file:///Users/anilrajput/containers/homefirst-Customs/Candidate-Portal/node_modules/@vitest/runner/dist/chunk-artifact.js:302:11
    at file:///Users/anilrajput/containers/homefirst-Customs/Candidate-Portal/node_modules/@vitest/runner/dist/chunk-artifact.js:1903:26
    at file:///Users/anilrajput/containers/homefirst-Customs/Candidate-Portal/node_modules/@vitest/runner/dist/chunk-artifact.js:2326:20
    at new Promise (<anonymous>)
    at runWithCancel (file:///Users/anilrajput/containers/homefirst-Customs/Candidate-Portal/node_modules/@vitest/runner/dist/chunk-artifact.js:2323:10)
    at file:///Users/anilrajput/containers/homefirst-Customs/Candidate-Portal/node_modules/@vitest/runner/dist/chunk-artifact.js:2305:20
    at new Promise (<anonymous>)
    at runWithTimeout (file:///Users/anilrajput/containers/homefirst-Customs/Candidate-Portal/node_modules/@vitest/runner/dist/chunk-artifact.js:2272:10)
    at file:///Users/anilrajput/containers/homefirst-Customs/Candidate-Portal/node_modules/@vitest/runner/dist/chunk-artifact.js:2955:64

stderr | tests/components/ui/sheet.test.tsx > Sheet Components > Accessibility > closes on Escape key
`DialogContent` requires a `DialogTitle` for the component to be accessible for screen reader users.

If you want to hide the `DialogTitle`, you can wrap it with our VisuallyHidden component.

For more information, see https://radix-ui.com/primitives/docs/components/dialog
Warning: Missing `Description` or `aria-describedby={undefined}` for {DialogContent}.

stderr | tests/components/portal-navigation.test.tsx > PortalNavigation > renders navigation icons in mobile menu
Warning: Missing `Description` or `aria-describedby={undefined}` for {DialogContent}.

 ✓ tests/components/portal-navigation.test.tsx (26 tests) 2857ms
     ✓ renders navigation header  318ms
stderr | tests/components/ui/sheet.test.tsx > Sheet Components > Animation > has animation classes for slide animation
`DialogContent` requires a `DialogTitle` for the component to be accessible for screen reader users.

If you want to hide the `DialogTitle`, you can wrap it with our VisuallyHidden component.

For more information, see https://radix-ui.com/primitives/docs/components/dialog
Warning: Missing `Description` or `aria-describedby={undefined}` for {DialogContent}.

 ✓ tests/components/ui/sheet.test.tsx (35 tests) 3198ms
       ✓ manages open/close state  353ms
       ✓ supports different side positions  467ms
stderr | tests/app/(auth)/login/page.test.tsx > LoginPage – Edge Cases > handles network error gracefully
Login error: Error: Network Error
    at /Users/anilrajput/containers/homefirst-Customs/Candidate-Portal/tests/app/(auth)/login/page.test.tsx:271:34
    at file:///Users/anilrajput/containers/homefirst-Customs/Candidate-Portal/node_modules/@vitest/runner/dist/chunk-artifact.js:302:11
    at file:///Users/anilrajput/containers/homefirst-Customs/Candidate-Portal/node_modules/@vitest/runner/dist/chunk-artifact.js:1903:26
    at file:///Users/anilrajput/containers/homefirst-Customs/Candidate-Portal/node_modules/@vitest/runner/dist/chunk-artifact.js:2326:20
    at new Promise (<anonymous>)
    at runWithCancel (file:///Users/anilrajput/containers/homefirst-Customs/Candidate-Portal/node_modules/@vitest/runner/dist/chunk-artifact.js:2323:10)
    at file:///Users/anilrajput/containers/homefirst-Customs/Candidate-Portal/node_modules/@vitest/runner/dist/chunk-artifact.js:2305:20
    at new Promise (<anonymous>)
    at runWithTimeout (file:///Users/anilrajput/containers/homefirst-Customs/Candidate-Portal/node_modules/@vitest/runner/dist/chunk-artifact.js:2272:10)
    at file:///Users/anilrajput/containers/homefirst-Customs/Candidate-Portal/node_modules/@vitest/runner/dist/chunk-artifact.js:2955:64

 ✓ tests/app/(auth)/login/page.test.tsx (18 tests) 4806ms
     ✓ renders the sign-in button enabled initially  433ms
     ✓ calls auth.signIn with the entered credentials  493ms
     ✓ redirects to /dashboard on successful login  480ms
     ✓ shows loading state ('Please wait...') during sign-in  357ms
     ✓ does not show error after successful login  313ms
     ✓ displays error message when auth.signIn throws an Error  337ms
     ✓ does NOT redirect when login fails  309ms
     ✓ re-enables the submit button after an error  309ms
     ✓ clears previous error when attempting another login  410ms
stderr | tests/components/frappe-config.test.tsx > FrappeConfig > handles mock connection failure scenarios correctly
An update to FrappeConfig inside a test was not wrapped in act(...).

When testing, code that causes React state updates should be wrapped into act(...):

act(() => {
  /* fire events that update state */
});
/* assert on the output */

This ensures that you're testing the behavior the user would see in the browser. Learn more at https://react.dev/link/wrap-tests-with-act
An update to FrappeConfig inside a test was not wrapped in act(...).

When testing, code that causes React state updates should be wrapped into act(...):

act(() => {
  /* fire events that update state */
});
/* assert on the output */

This ensures that you're testing the behavior the user would see in the browser. Learn more at https://react.dev/link/wrap-tests-with-act

stderr | tests/app/(auth)/register/page.test.tsx > RegisterPage – Error Handling > displays error message when auth.signUp throws an Error
Registration error: Error: User already registered
    at /Users/anilrajput/containers/homefirst-Customs/Candidate-Portal/tests/app/(auth)/register/page.test.tsx:274:34
    at file:///Users/anilrajput/containers/homefirst-Customs/Candidate-Portal/node_modules/@vitest/runner/dist/chunk-artifact.js:302:11
    at file:///Users/anilrajput/containers/homefirst-Customs/Candidate-Portal/node_modules/@vitest/runner/dist/chunk-artifact.js:1903:26
    at file:///Users/anilrajput/containers/homefirst-Customs/Candidate-Portal/node_modules/@vitest/runner/dist/chunk-artifact.js:2326:20
    at new Promise (<anonymous>)
    at runWithCancel (file:///Users/anilrajput/containers/homefirst-Customs/Candidate-Portal/node_modules/@vitest/runner/dist/chunk-artifact.js:2323:10)
    at file:///Users/anilrajput/containers/homefirst-Customs/Candidate-Portal/node_modules/@vitest/runner/dist/chunk-artifact.js:2305:20
    at new Promise (<anonymous>)
    at runWithTimeout (file:///Users/anilrajput/containers/homefirst-Customs/Candidate-Portal/node_modules/@vitest/runner/dist/chunk-artifact.js:2272:10)
    at file:///Users/anilrajput/containers/homefirst-Customs/Candidate-Portal/node_modules/@vitest/runner/dist/chunk-artifact.js:2955:64

stderr | tests/app/(auth)/register/page.test.tsx > RegisterPage – Error Handling > displays generic message when non-Error is thrown
Registration error: some string error

 ✓ tests/app/(portal)/action-center/page.test.tsx (64 tests) 5900ms
     ✓ renders the 'Action Center' heading  495ms
     ✓ shows error 'Request type is required' when submitting without type  584ms
     ✓ shows error 'Description is required' when submitting without description  338ms
     ✓ closes dialog and logs data on successful submit  1042ms
     ✓ resets form fields when dialog is closed via Cancel  598ms
stderr | tests/components/document-manager.test.tsx > DocumentManager > renders document manager title and list
In HTML, <div> cannot be a child of <select>.
This will cause a hydration error.

  <DocumentManager documents={[...]} onUpload={function Mock} onDelete={function Mock} onUpdate={function Mock} ...>
    <div className="space-y-6">
      <div className="flex flex-...">
        <div>
        <Dialog open={false} onOpenChange={function bound dispatchSetState}>
          <div>
            <DialogTrigger>
            <DialogContent className="max-w-2xl">
              <div>
                <DialogHeader>
                <div className="space-y-4">
                  <div className="grid grid-...">
                    <div>
                      <Label>
                      <Select value="" onValueChange={function bound dispatchSetState}>
>                       <select data-testid="select-mock" value="" onChange={function onChange}>
                          <SelectTrigger className="mt-1">
                            <SelectValue placeholder="Select cat...">
>                             <div>
                          ...
                    ...
                  ...
      ...

<select> cannot contain a nested <div>.
See this log for the ancestor stack trace.

stderr | tests/app/(auth)/register/page.test.tsx > RegisterPage – Error Handling > renders error inside an Alert with role='alert'
Registration error: Error: Duplicate email
    at /Users/anilrajput/containers/homefirst-Customs/Candidate-Portal/tests/app/(auth)/register/page.test.tsx:296:34
    at file:///Users/anilrajput/containers/homefirst-Customs/Candidate-Portal/node_modules/@vitest/runner/dist/chunk-artifact.js:302:11
    at file:///Users/anilrajput/containers/homefirst-Customs/Candidate-Portal/node_modules/@vitest/runner/dist/chunk-artifact.js:1903:26
    at file:///Users/anilrajput/containers/homefirst-Customs/Candidate-Portal/node_modules/@vitest/runner/dist/chunk-artifact.js:2326:20
    at new Promise (<anonymous>)
    at runWithCancel (file:///Users/anilrajput/containers/homefirst-Customs/Candidate-Portal/node_modules/@vitest/runner/dist/chunk-artifact.js:2323:10)
    at file:///Users/anilrajput/containers/homefirst-Customs/Candidate-Portal/node_modules/@vitest/runner/dist/chunk-artifact.js:2305:20
    at new Promise (<anonymous>)
    at runWithTimeout (file:///Users/anilrajput/containers/homefirst-Customs/Candidate-Portal/node_modules/@vitest/runner/dist/chunk-artifact.js:2272:10)
    at file:///Users/anilrajput/containers/homefirst-Customs/Candidate-Portal/node_modules/@vitest/runner/dist/chunk-artifact.js:2955:64

stderr | tests/app/(auth)/register/page.test.tsx > RegisterPage – Error Handling > does NOT redirect when registration fails
Registration error: Error: fail
    at /Users/anilrajput/containers/homefirst-Customs/Candidate-Portal/tests/app/(auth)/register/page.test.tsx:307:34
    at file:///Users/anilrajput/containers/homefirst-Customs/Candidate-Portal/node_modules/@vitest/runner/dist/chunk-artifact.js:302:11
    at file:///Users/anilrajput/containers/homefirst-Customs/Candidate-Portal/node_modules/@vitest/runner/dist/chunk-artifact.js:1903:26
    at file:///Users/anilrajput/containers/homefirst-Customs/Candidate-Portal/node_modules/@vitest/runner/dist/chunk-artifact.js:2326:20
    at new Promise (<anonymous>)
    at runWithCancel (file:///Users/anilrajput/containers/homefirst-Customs/Candidate-Portal/node_modules/@vitest/runner/dist/chunk-artifact.js:2323:10)
    at file:///Users/anilrajput/containers/homefirst-Customs/Candidate-Portal/node_modules/@vitest/runner/dist/chunk-artifact.js:2305:20
    at new Promise (<anonymous>)
    at runWithTimeout (file:///Users/anilrajput/containers/homefirst-Customs/Candidate-Portal/node_modules/@vitest/runner/dist/chunk-artifact.js:2272:10)
    at file:///Users/anilrajput/containers/homefirst-Customs/Candidate-Portal/node_modules/@vitest/runner/dist/chunk-artifact.js:2955:64

stdout | tests/components/document-manager.test.tsx > DocumentManager > properly demonstrates functionality inside example showcasing wrapper
Previewing document: 1

 ✓ tests/components/document-manager.test.tsx (11 tests) 1287ms
     ✓ filters documents by search query  382ms
stderr | tests/app/(auth)/register/page.test.tsx > RegisterPage – Error Handling > re-enables the submit button after an error
Registration error: Error: fail
    at /Users/anilrajput/containers/homefirst-Customs/Candidate-Portal/tests/app/(auth)/register/page.test.tsx:319:34
    at file:///Users/anilrajput/containers/homefirst-Customs/Candidate-Portal/node_modules/@vitest/runner/dist/chunk-artifact.js:302:11
    at file:///Users/anilrajput/containers/homefirst-Customs/Candidate-Portal/node_modules/@vitest/runner/dist/chunk-artifact.js:1903:26
    at file:///Users/anilrajput/containers/homefirst-Customs/Candidate-Portal/node_modules/@vitest/runner/dist/chunk-artifact.js:2326:20
    at new Promise (<anonymous>)
    at runWithCancel (file:///Users/anilrajput/containers/homefirst-Customs/Candidate-Portal/node_modules/@vitest/runner/dist/chunk-artifact.js:2323:10)
    at file:///Users/anilrajput/containers/homefirst-Customs/Candidate-Portal/node_modules/@vitest/runner/dist/chunk-artifact.js:2305:20
    at new Promise (<anonymous>)
    at runWithTimeout (file:///Users/anilrajput/containers/homefirst-Customs/Candidate-Portal/node_modules/@vitest/runner/dist/chunk-artifact.js:2272:10)
    at file:///Users/anilrajput/containers/homefirst-Customs/Candidate-Portal/node_modules/@vitest/runner/dist/chunk-artifact.js:2955:64

 ✓ tests/components/admin-navigation.test.tsx (9 tests) 1952ms
     ✓ handles sign out correctly  723ms
     ✓ navigates to quick action links  391ms
 ✓ tests/components/ui/popover.test.tsx (25 tests) 2194ms
       ✓ manages open/close state  302ms
stderr | tests/components/frappe-config.test.tsx > FrappeConfig > auto-triggers connection verification when submitting without testing
An update to FrappeConfig inside a test was not wrapped in act(...).

When testing, code that causes React state updates should be wrapped into act(...):

act(() => {
  /* fire events that update state */
});
/* assert on the output */

This ensures that you're testing the behavior the user would see in the browser. Learn more at https://react.dev/link/wrap-tests-with-act
An update to FrappeConfig inside a test was not wrapped in act(...).

When testing, code that causes React state updates should be wrapped into act(...):

act(() => {
  /* fire events that update state */
});
/* assert on the output */

This ensures that you're testing the behavior the user would see in the browser. Learn more at https://react.dev/link/wrap-tests-with-act

stderr | tests/components/ui/field-renderer.test.tsx > DynamicFieldRenderer > Additional Coverage Extensions > extracts name from Object types in Link and Select values, and inserts missing default values dynamically
An update to component inside a test was not wrapped in act(...).

When testing, code that causes React state updates should be wrapped into act(...):

act(() => {
  /* fire events that update state */
});
/* assert on the output */

This ensures that you're testing the behavior the user would see in the browser. Learn more at https://react.dev/link/wrap-tests-with-act
An update to component inside a test was not wrapped in act(...).

When testing, code that causes React state updates should be wrapped into act(...):

act(() => {
  /* fire events that update state */
});
/* assert on the output */

This ensures that you're testing the behavior the user would see in the browser. Learn more at https://react.dev/link/wrap-tests-with-act
An update to component inside a test was not wrapped in act(...).

When testing, code that causes React state updates should be wrapped into act(...):

act(() => {
  /* fire events that update state */
});
/* assert on the output */

This ensures that you're testing the behavior the user would see in the browser. Learn more at https://react.dev/link/wrap-tests-with-act
An update to component inside a test was not wrapped in act(...).

When testing, code that causes React state updates should be wrapped into act(...):

act(() => {
  /* fire events that update state */
});
/* assert on the output */

This ensures that you're testing the behavior the user would see in the browser. Learn more at https://react.dev/link/wrap-tests-with-act

stderr | tests/app/(auth)/register/page.test.tsx > RegisterPage – Error Handling > clears previous error when attempting another registration
Registration error: Error: First error
    at /Users/anilrajput/containers/homefirst-Customs/Candidate-Portal/tests/app/(auth)/register/page.test.tsx:334:30
    at file:///Users/anilrajput/containers/homefirst-Customs/Candidate-Portal/node_modules/@vitest/runner/dist/chunk-artifact.js:302:11
    at file:///Users/anilrajput/containers/homefirst-Customs/Candidate-Portal/node_modules/@vitest/runner/dist/chunk-artifact.js:1903:26
    at file:///Users/anilrajput/containers/homefirst-Customs/Candidate-Portal/node_modules/@vitest/runner/dist/chunk-artifact.js:2326:20
    at new Promise (<anonymous>)
    at runWithCancel (file:///Users/anilrajput/containers/homefirst-Customs/Candidate-Portal/node_modules/@vitest/runner/dist/chunk-artifact.js:2323:10)
    at file:///Users/anilrajput/containers/homefirst-Customs/Candidate-Portal/node_modules/@vitest/runner/dist/chunk-artifact.js:2305:20
    at new Promise (<anonymous>)
    at runWithTimeout (file:///Users/anilrajput/containers/homefirst-Customs/Candidate-Portal/node_modules/@vitest/runner/dist/chunk-artifact.js:2272:10)
    at file:///Users/anilrajput/containers/homefirst-Customs/Candidate-Portal/node_modules/@vitest/runner/dist/chunk-artifact.js:2955:64

 ✓ tests/components/ui/field-renderer.test.tsx (49 tests) 2643ms
stderr | tests/components/ui/tabs.test.tsx > Tabs Components > Keyboard Navigation > can navigate tabs with arrow keys
An update to ForwardRef inside a test was not wrapped in act(...).

When testing, code that causes React state updates should be wrapped into act(...):

act(() => {
  /* fire events that update state */
});
/* assert on the output */

This ensures that you're testing the behavior the user would see in the browser. Learn more at https://react.dev/link/wrap-tests-with-act

stderr | tests/components/ui/tabs.test.tsx > Tabs Components > Keyboard Navigation > wraps focus on ArrowLeft from first tab
An update to ForwardRef inside a test was not wrapped in act(...).

When testing, code that causes React state updates should be wrapped into act(...):

act(() => {
  /* fire events that update state */
});
/* assert on the output */

This ensures that you're testing the behavior the user would see in the browser. Learn more at https://react.dev/link/wrap-tests-with-act

 ✓ tests/components/frappe-config.test.tsx (8 tests) 8337ms
     ✓ triggers skip action by invoking onNext with undefined  400ms
     ✓ simulates successful connection and enables direct submit navigation  2642ms
     ✓ handles mock connection failure scenarios correctly  2548ms
     ✓ auto-triggers connection verification when submitting without testing  2540ms
 ✓ tests/components/ui/tabs.test.tsx (29 tests) 1570ms
 ✓ tests/app/admin/onboarding-management/page.test.tsx (10 tests) 1061ms
     ✓ handles approve workflow  345ms
stderr | tests/app/(auth)/register/page.test.tsx > RegisterPage – Edge Cases > handles network error gracefully
Registration error: Error: Network Error
    at /Users/anilrajput/containers/homefirst-Customs/Candidate-Portal/tests/app/(auth)/register/page.test.tsx:391:34
    at file:///Users/anilrajput/containers/homefirst-Customs/Candidate-Portal/node_modules/@vitest/runner/dist/chunk-artifact.js:302:11
    at file:///Users/anilrajput/containers/homefirst-Customs/Candidate-Portal/node_modules/@vitest/runner/dist/chunk-artifact.js:1903:26
    at file:///Users/anilrajput/containers/homefirst-Customs/Candidate-Portal/node_modules/@vitest/runner/dist/chunk-artifact.js:2326:20
    at new Promise (<anonymous>)
    at runWithCancel (file:///Users/anilrajput/containers/homefirst-Customs/Candidate-Portal/node_modules/@vitest/runner/dist/chunk-artifact.js:2323:10)
    at file:///Users/anilrajput/containers/homefirst-Customs/Candidate-Portal/node_modules/@vitest/runner/dist/chunk-artifact.js:2305:20
    at new Promise (<anonymous>)
    at runWithTimeout (file:///Users/anilrajput/containers/homefirst-Customs/Candidate-Portal/node_modules/@vitest/runner/dist/chunk-artifact.js:2272:10)
    at file:///Users/anilrajput/containers/homefirst-Customs/Candidate-Portal/node_modules/@vitest/runner/dist/chunk-artifact.js:2955:64

 ✓ tests/app/(auth)/register/page.test.tsx (24 tests) 9970ms
     ✓ renders the AuthForm in register mode with correct heading  470ms
     ✓ calls auth.signUp with email and password on successful registration  759ms
     ✓ redirects to /dashboard on successful registration  532ms
     ✓ shows loading state during registration  468ms
     ✓ does not show error after successful registration  408ms
     ✓ shows 'Passwords do not match' error when passwords differ  473ms
     ✓ does NOT call auth.signUp when passwords mismatch  414ms
     ✓ does NOT redirect when passwords mismatch  493ms
     ✓ does NOT show loading state on password mismatch  454ms
     ✓ displays error message when auth.signUp throws an Error  578ms
     ✓ displays generic message when non-Error is thrown  554ms
     ✓ renders error inside an Alert with role='alert'  543ms
     ✓ does NOT redirect when registration fails  472ms
     ✓ re-enables the submit button after an error  569ms
     ✓ clears previous error when attempting another registration  617ms
     ✓ logs error to console on failure  525ms
     ✓ handles whitespace-only fullName without crashing  535ms
     ✓ handles network error gracefully  538ms
stderr | tests/components/ui/tooltip.test.tsx > Tooltip Components > TooltipTrigger > renders custom trigger content
In HTML, <button> cannot be a descendant of <button>.
This will cause a hydration error.

  ...
    <TooltipProviderProvider scope={undefined} isOpenDelayedRef={{current:true}} delayDuration={0} onOpen={function} ...>
      <Tooltip data-slot="tooltip">
        <Popper __scopePopper={{Popper:[...]}}>
          <PopperProvider scope={{Popper:[...]}} anchor={null} onAnchorChange={function bound dispatchSetState}>
            <TooltipProvider scope={undefined} contentId="radix-«r5»" open={false} stateAttribute="closed" trigger={null} ...>
              <TooltipTrigger>
                <TooltipTrigger data-slot="tooltip-tr...">
                  <PopperAnchor asChild={true} __scopePopper={{Popper:[...]}}>
                    <Primitive.div asChild={true} ref={function}>
                      <Primitive.div.Slot ref={function}>
                        <Primitive.div.SlotClone ref={function}>
                          <Primitive.button aria-describedby={undefined} data-state="closed" data-slot="tooltip-tr..." ...>
>                           <button
>                             aria-describedby={undefined}
>                             data-state="closed"
>                             data-slot="tooltip-trigger"
>                             onPointerMove={function handleEvent}
>                             onPointerLeave={function handleEvent}
>                             onPointerDown={function handleEvent}
>                             onFocus={function handleEvent}
>                             onBlur={function handleEvent}
>                             onClick={function handleEvent}
>                             ref={function}
>                           >
>                             <button>
              ...

<button> cannot contain a nested <button>.
See this log for the ancestor stack trace.

 ✓ tests/components/job-sync-status.test.tsx (3 tests) 1368ms
     ✓ captures dynamic 'syncing' status configuration immediately upon execution  725ms
     ✓ successfully reaches 'catch' block failure logic via controlled promise rejection  419ms
 ✓ tests/components/oauth-config.test.tsx (8 tests) 1522ms
     ✓ permits flawless bypass if all providers are deactivated  344ms
 ✓ tests/components/ui/tooltip.test.tsx (17 tests) 1178ms
       ✓ shows content on hover  393ms
 ✓ tests/components/onboarding/steps/review-step.test.tsx (11 tests) 1303ms
     ✓ renders incomplete steps warning and disables submit  388ms
 ✓ tests/components/user-management-table.test.tsx (6 tests) 1326ms
     ✓ triggers role change action  561ms
     ✓ triggers activate/deactivate actions  537ms
stderr | tests/app/admin/feature-flags/page.test.tsx > FeatureFlagsPage > loads and displays feature flags for admin user
In HTML, <span> cannot be a child of <select>.
This will cause a hydration error.

  <FeatureFlagsPage>
    <div className="min-h-scre...">
      <div className="flex">
        <AdminNavigation>
        <div className="flex-1 ml-64">
          <div className="p-8">
            <div>
            <div>
            <Card className="mb-6">
              <section>
                <CardHeader>
                <CardContent>
                  <article>
                    <div className="flex flex-...">
                      <div>
                      <div className="min-w-[150px]">
                        <Label>
                        <Select value="all" onValueChange={function onValueChange}>
>                         <select data-testid="mock-select" value="all" onChange={function onChange}>
                            <SelectTrigger>
                              <SelectValue>
>                               <span>
                            ...
                      ...
            ...

<select> cannot contain a nested <span>.
See this log for the ancestor stack trace.

 ✓ tests/components/feature-toggle.test.tsx (10 tests) 1427ms
     ✓ opens edit dialog when clicking edit button  305ms
     ✓ completes detailed lifecycle edit procedures and handles inputs verification  547ms
 ✓ tests/components/ui/form.test.tsx (41 tests) 1321ms
stderr | tests/app/admin/feature-flags/page.test.tsx > FeatureFlagsPage > handles update and delete errors
Error updating feature flag: Error: Failed to update feature flag
    at handleUpdateFlag (/Users/anilrajput/containers/homefirst-Customs/Candidate-Portal/app/admin/feature-flags/page.tsx:217:15)

stderr | tests/app/admin/feature-flags/page.test.tsx > FeatureFlagsPage > handles update and delete errors
Error deleting feature flag: Error: Failed to delete feature flag
    at handleDeleteFlag (/Users/anilrajput/containers/homefirst-Customs/Candidate-Portal/app/admin/feature-flags/page.tsx:243:15)

 ✓ tests/app/admin/feature-flags/page.test.tsx (13 tests) 1475ms
     ✓ handles creation with all fields, validation, and cancel (line 179-180, 199-200, 333, 382)  735ms
stdout | tests/components/smart-career-match.test.tsx > SmartCareerMatch > shows analyzing state after clicking analyze
✅ Clean Resume Text: react javascript typescript nodejs skills
✅ Candidate Skills: [ 'react', 'javascript', 'typescript', 'node' ]
JOB: React Developer { jobSkills: [ 'react', 'javascript', 'typescript' ], match: 100 }
JOB: Node.js Backend Engineer { jobSkills: [ 'javascript', 'node', 'express', 'api' ], match: 50 }

stdout | tests/components/smart-career-match.test.tsx > SmartCareerMatch > calls onAnalysisComplete with matched jobs
✅ Clean Resume Text: react javascript typescript nodejs skills
✅ Candidate Skills: [ 'react', 'javascript', 'typescript', 'node' ]
JOB: React Developer { jobSkills: [ 'react', 'javascript', 'typescript' ], match: 100 }
JOB: Node.js Backend Engineer { jobSkills: [ 'javascript', 'node', 'express', 'api' ], match: 50 }

 ✓ tests/components/ui/switch.test.tsx (27 tests) 1241ms
stderr | tests/components/job-application-table-field.test.tsx > JobApplicationTableField > Extended Coverage: Handlers & Remote Feeds > resolves runtime dependency map via fallback endpoint when child definitions are absent
An update to JobApplicationTableField inside a test was not wrapped in act(...).

When testing, code that causes React state updates should be wrapped into act(...):

act(() => {
  /* fire events that update state */
});
/* assert on the output */

This ensures that you're testing the behavior the user would see in the browser. Learn more at https://react.dev/link/wrap-tests-with-act

stdout | tests/components/smart-career-match.test.tsx > SmartCareerMatch > calls fetch with correct endpoint
✅ Clean Resume Text: react javascript typescript nodejs skills
✅ Candidate Skills: [ 'react', 'javascript', 'typescript', 'node' ]
JOB: React Developer { jobSkills: [ 'react', 'javascript', 'typescript' ], match: 100 }
JOB: Node.js Backend Engineer { jobSkills: [ 'javascript', 'node', 'express', 'api' ], match: 50 }

 ✓ tests/components/smart-career-match.test.tsx (9 tests) 1072ms
 ✓ tests/components/job-application-table-field.test.tsx (17 tests) 903ms
stderr | tests/components/file-uploading.test.tsx > AttachField > updates display when file is selected multiple times
Error: Upload failed
    at Object.<anonymous> (/Users/anilrajput/containers/homefirst-Customs/Candidate-Portal/tests/components/file-uploading.test.tsx:250:25)
    at Object.Mock [as mutate] (file:///Users/anilrajput/containers/homefirst-Customs/Candidate-Portal/node_modules/@vitest/spy/dist/index.js:332:34)
    at handleFileUpload (/Users/anilrajput/containers/homefirst-Customs/Candidate-Portal/components/shared/fileuploading.tsx:23:20)
    at onChange (/Users/anilrajput/containers/homefirst-Customs/Candidate-Portal/components/shared/fileuploading.tsx:55:13)
    at executeDispatch (/Users/anilrajput/containers/homefirst-Customs/Candidate-Portal/node_modules/react-dom/cjs/react-dom-client.development.js:16368:9)
    at runWithFiberInDEV (/Users/anilrajput/containers/homefirst-Customs/Candidate-Portal/node_modules/react-dom/cjs/react-dom-client.development.js:1522:13)
    at processDispatchQueue (/Users/anilrajput/containers/homefirst-Customs/Candidate-Portal/node_modules/react-dom/cjs/react-dom-client.development.js:16418:19)
    at /Users/anilrajput/containers/homefirst-Customs/Candidate-Portal/node_modules/react-dom/cjs/react-dom-client.development.js:17016:9
    at batchedUpdates$1 (/Users/anilrajput/containers/homefirst-Customs/Candidate-Portal/node_modules/react-dom/cjs/react-dom-client.development.js:3262:40)
    at dispatchEventForPluginEventSystem (/Users/anilrajput/containers/homefirst-Customs/Candidate-Portal/node_modules/react-dom/cjs/react-dom-client.development.js:16572:7)

 ✓ tests/components/file-uploading.test.tsx (20 tests) 744ms
 ✓ tests/components/profile/page.test.tsx (12 tests) 914ms
     ✓ renders the 'My Profile' heading  338ms
stderr | tests/app/admin/sso-providers/page.test.tsx > SSOProvidersPage > handles JSON parse error in config (line 123)
In HTML, <span> cannot be a child of <select>.
This will cause a hydration error.

  <SSOProvidersPage>
    <div className="min-h-scre...">
      <div className="flex">
        <AdminNavigation>
        <div className="flex-1 ml-64">
          <div className="p-8">
            <div className="flex items...">
              <div>
              <Dialog open={true} onOpenChange={function bound dispatchSetState}>
                <div data-testid="dialog-root">
                  <DialogTrigger>
                  <DialogContent className="sm:max-w-[...">
                    <main data-testid="dialog-con...">
                      <DialogHeader>
                      <div className="space-y-4 ...">
                        <div className="grid grid-...">
                          <div className="space-y-2">
                            <Label>
                            <Select value="frappe_sso" onValueChange={function onValueChange}>
>                             <select value="frappe_sso" onChange={function onChange} data-testid="mock-select">
                                <SelectTrigger>
                                  <SelectValue>
>                                   <span>
                                ...
                          ...
                        ...
                      ...
            ...

<select> cannot contain a nested <span>.
See this log for the ancestor stack trace.

 ✓ tests/lib/contexts/onboarding-context.test.tsx (27 tests) 1061ms
 ✓ tests/components/ui/select.test.tsx (3 tests) 820ms
     ✓ renders select trigger initially  386ms
     ✓ renders SelectGroup, SelectLabel, and SelectSeparator when open  301ms
 ✓ tests/app/admin/sso-providers/page.test.tsx (7 tests) 745ms
     ✓ handles deletion (line 175-189)  403ms
 ✓ tests/components/job-application-step-nav.test.tsx (17 tests) 661ms
 ✓ tests/lib/contexts/theme-context.test.tsx (16 tests) 822ms
stderr | tests/components/document-upload.test.tsx > DocumentUpload > successfully finalizes upload simulations and invokes final dispatch callback
An update to DocumentUpload inside a test was not wrapped in act(...).

When testing, code that causes React state updates should be wrapped into act(...):

act(() => {
  /* fire events that update state */
});
/* assert on the output */

This ensures that you're testing the behavior the user would see in the browser. Learn more at https://react.dev/link/wrap-tests-with-act

stderr | tests/components/document-upload.test.tsx > DocumentUpload > successfully finalizes upload simulations and invokes final dispatch callback
An update to DocumentUpload inside a test was not wrapped in act(...).

When testing, code that causes React state updates should be wrapped into act(...):

act(() => {
  /* fire events that update state */
});
/* assert on the output */

This ensures that you're testing the behavior the user would see in the browser. Learn more at https://react.dev/link/wrap-tests-with-act

stderr | tests/components/document-upload.test.tsx > DocumentUpload > successfully finalizes upload simulations and invokes final dispatch callback
An update to DocumentUpload inside a test was not wrapped in act(...).

When testing, code that causes React state updates should be wrapped into act(...):

act(() => {
  /* fire events that update state */
});
/* assert on the output */

This ensures that you're testing the behavior the user would see in the browser. Learn more at https://react.dev/link/wrap-tests-with-act

stderr | tests/components/document-upload.test.tsx > DocumentUpload > successfully finalizes upload simulations and invokes final dispatch callback
An update to DocumentUpload inside a test was not wrapped in act(...).

When testing, code that causes React state updates should be wrapped into act(...):

act(() => {
  /* fire events that update state */
});
/* assert on the output */

This ensures that you're testing the behavior the user would see in the browser. Learn more at https://react.dev/link/wrap-tests-with-act

stderr | tests/components/document-upload.test.tsx > DocumentUpload > successfully finalizes upload simulations and invokes final dispatch callback
An update to DocumentUpload inside a test was not wrapped in act(...).

When testing, code that causes React state updates should be wrapped into act(...):

act(() => {
  /* fire events that update state */
});
/* assert on the output */

This ensures that you're testing the behavior the user would see in the browser. Learn more at https://react.dev/link/wrap-tests-with-act

stderr | tests/components/document-upload.test.tsx > DocumentUpload > successfully finalizes upload simulations and invokes final dispatch callback
An update to DocumentUpload inside a test was not wrapped in act(...).

When testing, code that causes React state updates should be wrapped into act(...):

act(() => {
  /* fire events that update state */
});
/* assert on the output */

This ensures that you're testing the behavior the user would see in the browser. Learn more at https://react.dev/link/wrap-tests-with-act
An update to DocumentUpload inside a test was not wrapped in act(...).

When testing, code that causes React state updates should be wrapped into act(...):

act(() => {
  /* fire events that update state */
});
/* assert on the output */

This ensures that you're testing the behavior the user would see in the browser. Learn more at https://react.dev/link/wrap-tests-with-act

 ✓ tests/components/document-upload.test.tsx (12 tests) 947ms
     ✓ handles file selection via input  378ms
stderr | tests/components/oauth-buttons.test.tsx > OAuthButtons > displays error message if auth fails
OAuth google error: Error: OAuth failed
    at /Users/anilrajput/containers/homefirst-Customs/Candidate-Portal/tests/components/oauth-buttons.test.tsx:85:106
    at file:///Users/anilrajput/containers/homefirst-Customs/Candidate-Portal/node_modules/@vitest/runner/dist/chunk-artifact.js:302:11
    at file:///Users/anilrajput/containers/homefirst-Customs/Candidate-Portal/node_modules/@vitest/runner/dist/chunk-artifact.js:1903:26
    at file:///Users/anilrajput/containers/homefirst-Customs/Candidate-Portal/node_modules/@vitest/runner/dist/chunk-artifact.js:2326:20
    at new Promise (<anonymous>)
    at runWithCancel (file:///Users/anilrajput/containers/homefirst-Customs/Candidate-Portal/node_modules/@vitest/runner/dist/chunk-artifact.js:2323:10)
    at file:///Users/anilrajput/containers/homefirst-Customs/Candidate-Portal/node_modules/@vitest/runner/dist/chunk-artifact.js:2305:20
    at new Promise (<anonymous>)
    at runWithTimeout (file:///Users/anilrajput/containers/homefirst-Customs/Candidate-Portal/node_modules/@vitest/runner/dist/chunk-artifact.js:2272:10)
    at file:///Users/anilrajput/containers/homefirst-Customs/Candidate-Portal/node_modules/@vitest/runner/dist/chunk-artifact.js:2955:64

stderr | tests/components/oauth-buttons.test.tsx > OAuthButtons > displays error message if auth fails with a non-error object
OAuth google error: Critical system crash

 ✓ tests/components/oauth-buttons.test.tsx (10 tests) 703ms
stderr | tests/app/admin/dashboard/page.test.tsx > AdminDashboard > shows the loading state while the admin check is in flight
An update to AdminDashboard inside a test was not wrapped in act(...).

When testing, code that causes React state updates should be wrapped into act(...):

act(() => {
  /* fire events that update state */
});
/* assert on the output */

This ensures that you're testing the behavior the user would see in the browser. Learn more at https://react.dev/link/wrap-tests-with-act

stderr | tests/app/admin/dashboard/page.test.tsx > AdminDashboard > shows the loading state while the admin check is in flight
An update to AdminDashboard inside a test was not wrapped in act(...).

When testing, code that causes React state updates should be wrapped into act(...):

act(() => {
  /* fire events that update state */
});
/* assert on the output */

This ensures that you're testing the behavior the user would see in the browser. Learn more at https://react.dev/link/wrap-tests-with-act
An update to AdminDashboard inside a test was not wrapped in act(...).

When testing, code that causes React state updates should be wrapped into act(...):

act(() => {
  /* fire events that update state */
});
/* assert on the output */

This ensures that you're testing the behavior the user would see in the browser. Learn more at https://react.dev/link/wrap-tests-with-act

stderr | tests/app/admin/dashboard/page.test.tsx > AdminDashboard > shows the loading state while the admin check is in flight
An update to AdminDashboard inside a test was not wrapped in act(...).

When testing, code that causes React state updates should be wrapped into act(...):

act(() => {
  /* fire events that update state */
});
/* assert on the output */

This ensures that you're testing the behavior the user would see in the browser. Learn more at https://react.dev/link/wrap-tests-with-act

 ✓ tests/lib/contexts/job-application-context.test.tsx (14 tests) 717ms
       ✓ updates stepData for a given step key  310ms
 ✓ tests/components/auth-form.test.tsx (61 tests) 6375ms
     ✓ shows submit button with text 'Sign in to your account'  471ms
     ✓ calls onSubmit with email and password on form submission  689ms
     ✓ toggles password visibility when eye icon is clicked  373ms
     ✓ submits form data with empty defaults for unused register fields  366ms
     ✓ calls onSubmit with all register fields  691ms
     ✓ handles rapid typing in email field without errors  354ms
stderr | tests/app/admin/users/page.test.tsx > AdminUsersPage > renders loading state initially
An update to AdminUsersPage inside a test was not wrapped in act(...).

When testing, code that causes React state updates should be wrapped into act(...):

act(() => {
  /* fire events that update state */
});
/* assert on the output */

This ensures that you're testing the behavior the user would see in the browser. Learn more at https://react.dev/link/wrap-tests-with-act

stderr | tests/app/admin/users/page.test.tsx > AdminUsersPage > loads and displays user stats and table
Error loading users: TypeError: query.order is not a function
    at loadUsers (/Users/anilrajput/containers/homefirst-Customs/Candidate-Portal/app/admin/users/page.tsx:155:43)
    at /Users/anilrajput/containers/homefirst-Customs/Candidate-Portal/app/admin/users/page.tsx:70:5
    at Object.react-stack-bottom-frame (/Users/anilrajput/containers/homefirst-Customs/Candidate-Portal/node_modules/react-dom/cjs/react-dom-client.development.js:23949:20)
    at runWithFiberInDEV (/Users/anilrajput/containers/homefirst-Customs/Candidate-Portal/node_modules/react-dom/cjs/react-dom-client.development.js:1522:13)
    at commitHookEffectListMount (/Users/anilrajput/containers/homefirst-Customs/Candidate-Portal/node_modules/react-dom/cjs/react-dom-client.development.js:11905:29)
    at commitHookPassiveMountEffects (/Users/anilrajput/containers/homefirst-Customs/Candidate-Portal/node_modules/react-dom/cjs/react-dom-client.development.js:12028:11)
    at commitPassiveMountOnFiber (/Users/anilrajput/containers/homefirst-Customs/Candidate-Portal/node_modules/react-dom/cjs/react-dom-client.development.js:13841:13)
    at recursivelyTraversePassiveMountEffects (/Users/anilrajput/containers/homefirst-Customs/Candidate-Portal/node_modules/react-dom/cjs/react-dom-client.development.js:13815:11)
    at commitPassiveMountOnFiber (/Users/anilrajput/containers/homefirst-Customs/Candidate-Portal/node_modules/react-dom/cjs/react-dom-client.development.js:13853:11)
    at flushPassiveEffects (/Users/anilrajput/containers/homefirst-Customs/Candidate-Portal/node_modules/react-dom/cjs/react-dom-client.development.js:15737:9)

stderr | tests/app/admin/users/page.test.tsx > AdminUsersPage > loads and displays user stats and table
In HTML, <span> cannot be a child of <select>.
This will cause a hydration error.

  <AdminUsersPage>
    <div className="min-h-scre...">
      <div className="flex">
        <AdminNavigation>
        <div className="flex-1 ml-64">
          <div className="p-8">
            <div>
            <div>
            <Card className="mb-8">
              <section className="mb-8">
                <CardHeader>
                <CardContent>
                  <div className={undefined}>
                    <div className="flex flex-...">
                      <div>
                      <Select value="all" onValueChange={function onValueChange}>
>                       <select value="all" onChange={function onChange} data-testid="mock-select">
                          <SelectTrigger className="w-full md:...">
                            <SelectValue placeholder="All Roles">
>                             <span>
                          ...
                      ...
            ...

<select> cannot contain a nested <span>.
See this log for the ancestor stack trace.

stdout | tests/app/admin/users/page.test.tsx > AdminUsersPage > handles user export (line 171-193)
Exporting users... all

stderr | tests/app/admin/users/page.test.tsx > AdminUsersPage > redirects if not admin
Error loading users: TypeError: query.order is not a function
    at loadUsers (/Users/anilrajput/containers/homefirst-Customs/Candidate-Portal/app/admin/users/page.tsx:155:43)
    at /Users/anilrajput/containers/homefirst-Customs/Candidate-Portal/app/admin/users/page.tsx:70:5
    at Object.react-stack-bottom-frame (/Users/anilrajput/containers/homefirst-Customs/Candidate-Portal/node_modules/react-dom/cjs/react-dom-client.development.js:23949:20)
    at runWithFiberInDEV (/Users/anilrajput/containers/homefirst-Customs/Candidate-Portal/node_modules/react-dom/cjs/react-dom-client.development.js:1522:13)
    at commitHookEffectListMount (/Users/anilrajput/containers/homefirst-Customs/Candidate-Portal/node_modules/react-dom/cjs/react-dom-client.development.js:11905:29)
    at commitHookPassiveMountEffects (/Users/anilrajput/containers/homefirst-Customs/Candidate-Portal/node_modules/react-dom/cjs/react-dom-client.development.js:12028:11)
    at commitPassiveMountOnFiber (/Users/anilrajput/containers/homefirst-Customs/Candidate-Portal/node_modules/react-dom/cjs/react-dom-client.development.js:13841:13)
    at recursivelyTraversePassiveMountEffects (/Users/anilrajput/containers/homefirst-Customs/Candidate-Portal/node_modules/react-dom/cjs/react-dom-client.development.js:13815:11)
    at commitPassiveMountOnFiber (/Users/anilrajput/containers/homefirst-Customs/Candidate-Portal/node_modules/react-dom/cjs/react-dom-client.development.js:13853:11)
    at flushPassiveEffects (/Users/anilrajput/containers/homefirst-Customs/Candidate-Portal/node_modules/react-dom/cjs/react-dom-client.development.js:15737:9)

Not implemented: navigation to another Document
 ✓ tests/app/admin/users/page.test.tsx (6 tests) 819ms
     ✓ handles user export (line 171-193)  543ms
 ✓ tests/app/admin/dashboard/page.test.tsx (6 tests) 1020ms
     ✓ renders dashboard stats, recent activity, analytics, and admin actions  804ms
stderr | tests/components/action-center/raise-request-dialog.test.tsx > RaiseRequestDialog – UI (open) > renders dialog title
In HTML, <div> cannot be a child of <select>.
This will cause a hydration error.

  <QueryClientProvider client={{}}>
    <RaiseRequestDialog open={true} onOpenChange={function Mock} onSubmit={function Mock}>
      <Dialog open={true} onOpenChange={function onOpenChange}>
        <div data-testid="dialog-wra...">
          <div data-testid="dialog">
            <DialogContent className="sm:max-w-[...">
              <div data-testid="dialog-con...">
                <DialogHeader>
                <div className="space-y-5.5">
                  <div className="space-y-2">
                    <Label>
                    <Select value="" onValueChange={function bound dispatchSetState}>
>                     <select data-testid="select-mock" value="" onChange={function onChange}>
                        <SelectTrigger id="req-type" className="w-full tex...">
>                         <div data-testid="select-trigger">
                        ...
                  ...
            ...

<select> cannot contain a nested <div>.
See this log for the ancestor stack trace.

stderr | tests/app/admin/frappe-environments/page.test.tsx > FrappeEnvironmentsPage > handles environment creation workflows
In HTML, <span> cannot be a child of <select>.
This will cause a hydration error.

  <FrappeEnvironmentsPage>
    <div className="min-h-scre...">
      <div className="flex">
        <AdminNavigation>
        <div className="flex-1 ml-64">
          <div className="p-8">
            <div className="flex items...">
              <div>
              <Dialog open={true} onOpenChange={function bound dispatchSetState}>
                <div data-testid="dialog">
                  <DialogTrigger>
                  <DialogContent className="sm:max-w-[...">
                    <main>
                      <DialogHeader>
                      <div className="space-y-4 ...">
                        <div className="grid grid-...">
                          <div className="space-y-2">
                            <Label>
                            <Select value="DEV" onValueChange={function onValueChange}>
>                             <select value="DEV" onChange={function onChange} data-testid="mock-select">
                                <SelectTrigger>
                                  <SelectValue>
>                                   <span>
                                ...
                          ...
                        ...
                      ...
            ...

<select> cannot contain a nested <span>.
See this log for the ancestor stack trace.

stderr | tests/components/action-center/raise-request-dialog.test.tsx > RaiseRequestDialog – Targeted Lines & Flows > manages precise hook dispatch handlers for positive and terminal file uploads
An update to RaiseRequestDialog inside a test was not wrapped in act(...).

When testing, code that causes React state updates should be wrapped into act(...):

act(() => {
  /* fire events that update state */
});
/* assert on the output */

This ensures that you're testing the behavior the user would see in the browser. Learn more at https://react.dev/link/wrap-tests-with-act

stderr | tests/components/action-center/raise-request-dialog.test.tsx > RaiseRequestDialog – Targeted Lines & Flows > manages precise hook dispatch handlers for positive and terminal file uploads
Error: Network Blip
    at /Users/anilrajput/containers/homefirst-Customs/Candidate-Portal/tests/components/action-center/raise-request-dialog.test.tsx:439:27
    at file:///Users/anilrajput/containers/homefirst-Customs/Candidate-Portal/node_modules/@vitest/runner/dist/chunk-artifact.js:1903:20
An update to RaiseRequestDialog inside a test was not wrapped in act(...).

When testing, code that causes React state updates should be wrapped into act(...):

act(() => {
  /* fire events that update state */
});
/* assert on the output */

This ensures that you're testing the behavior the user would see in the browser. Learn more at https://react.dev/link/wrap-tests-with-act

 ✓ tests/app/admin/frappe-environments/page.test.tsx (9 tests) 548ms
 ✓ tests/components/action-center/raise-request-dialog.test.tsx (27 tests) 614ms
stdout | tests/lib/hooks/useJobOpening.test.tsx > useJobOpening Hooks > useCreateJobApplicant calls service on mutate
✅ Job Applicant Created: { id: '1' }

 ✓ tests/components/ui/slider.test.tsx (53 tests) 640ms
 ✓ tests/app/(portal)/dashboard/page.test.tsx (9 tests) 564ms
 ✓ tests/components/job-match-card.test.tsx (15 tests) 704ms
     ✓ calls onViewDetails when View Details button is clicked  312ms
 ✓ tests/lib/hooks/useJobOpening.test.tsx (9 tests) 717ms
stderr | tests/components/onboarding/onboarding-form-step.test.tsx > OnboardingFormStep > enables 'Same as Current Address' logic when Permanent Address section exists
An update to Controller inside a test was not wrapped in act(...).

When testing, code that causes React state updates should be wrapped into act(...):

act(() => {
  /* fire events that update state */
});
/* assert on the output */

This ensures that you're testing the behavior the user would see in the browser. Learn more at https://react.dev/link/wrap-tests-with-act
An update to OnboardingFormStep inside a test was not wrapped in act(...).

When testing, code that causes React state updates should be wrapped into act(...):

act(() => {
  /* fire events that update state */
});
/* assert on the output */

This ensures that you're testing the behavior the user would see in the browser. Learn more at https://react.dev/link/wrap-tests-with-act
An update to OnboardingFormStep inside a test was not wrapped in act(...).

When testing, code that causes React state updates should be wrapped into act(...):

act(() => {
  /* fire events that update state */
});
/* assert on the output */

This ensures that you're testing the behavior the user would see in the browser. Learn more at https://react.dev/link/wrap-tests-with-act

 ✓ tests/components/onboarding/onboarding-form-step.test.tsx (12 tests) 490ms
 ✓ tests/components/onboarding/dynamic-table-field.test.tsx (4 tests) 544ms
 ✓ tests/lib/contexts/feature-flags-context.test.tsx (26 tests) 221ms
stdout | tests/components/action-center/Useactioncenter.test.tsx > useCandidateRaiseRequest > creates request
✅ Job Applicant Created: { name: 'REQ-1' }

 ✓ tests/components/vertical-tabs.test.tsx (6 tests) 344ms
 ✓ tests/components/action-center/Useactioncenter.test.tsx (8 tests) 433ms
 ✓ tests/app/(portal)/onboarding/onboarding.test.tsx (5 tests) 231ms
 ✓ tests/components/dashboard/key-contacts.test.tsx (4 tests) 526ms
     ✓ renders action buttons when email or phone is provided  419ms
 ✓ tests/components/profile/profile-details.test.tsx (15 tests) 451ms
 ✓ tests/components/ui/progress.test.tsx (38 tests) 163ms
 ✓ tests/components/action-center/my-requests-list.test.tsx (26 tests) 224ms
 ✓ tests/components/onboarding/onboarding-step-nav.test.tsx (6 tests) 270ms
 ✓ tests/components/dashboard/welcome-header.test.tsx (9 tests) 375ms
 ✓ tests/components/onboarding/file-upload-field.test.tsx (11 tests) 329ms
stderr | tests/app/api/users/documents.test.ts > User Documents API > GET /api/users/documents > returns error for invalid query params
Get documents error: Error: Invalid
    at Object.<anonymous> (/Users/anilrajput/containers/homefirst-Customs/Candidate-Portal/tests/app/api/users/documents.test.ts:127:15)
    at Object.Mock [as select] (file:///Users/anilrajput/containers/homefirst-Customs/Candidate-Portal/node_modules/@vitest/spy/dist/index.js:332:34)
    at Module.GET (/Users/anilrajput/containers/homefirst-Customs/Candidate-Portal/app/api/users/documents/route.ts:50:8)
    at processTicksAndRejections (node:internal/process/task_queues:95:5)
    at /Users/anilrajput/containers/homefirst-Customs/Candidate-Portal/tests/app/api/users/documents.test.ts:132:24

stderr | tests/app/api/users/documents.test.ts > User Documents API > POST /api/users/documents > returns validation error for invalid input
Upload document error: ZodError: [
  {
    "origin": "string",
    "code": "too_small",
    "minimum": 1,
    "inclusive": true,
    "path": [
      "name"
    ],
    "message": "Document name is required"
  },
  {
    "code": "invalid_value",
    "values": [
      "resume",
      "cover_letter",
      "portfolio",
      "certificate",
      "other"
    ],
    "path": [
      "type"
    ],
    "message": "Invalid option: expected one of \"resume\"|\"cover_letter\"|\"portfolio\"|\"certificate\"|\"other\""
  },
  {
    "code": "invalid_format",
    "format": "url",
    "path": [
      "file_url"
    ],
    "message": "Invalid file URL"
  },
  {
    "origin": "number",
    "code": "too_small",
    "minimum": 1,
    "inclusive": true,
    "path": [
      "file_size"
    ],
    "message": "File size must be positive"
  },
  {
    "origin": "string",
    "code": "too_small",
    "minimum": 1,
    "inclusive": true,
    "path": [
      "file_type"
    ],
    "message": "File type is required"
  }
]
    at Module.POST (/Users/anilrajput/containers/homefirst-Customs/Candidate-Portal/app/api/users/documents/route.ts:120:48)
    at processTicksAndRejections (node:internal/process/task_queues:95:5)
    at /Users/anilrajput/containers/homefirst-Customs/Candidate-Portal/tests/app/api/users/documents.test.ts:236:24
    at file:///Users/anilrajput/containers/homefirst-Customs/Candidate-Portal/node_modules/@vitest/runner/dist/chunk-artifact.js:1903:20

stderr | tests/app/api/users/documents.test.ts > User Documents API > DELETE /api/users/documents > returns 500 on database error
Delete document error: TypeError: __vite_ssr_import_0__.supabaseAdmin.from(...).select(...).eq(...).eq is not a function
    at Module.DELETE (/Users/anilrajput/containers/homefirst-Customs/Candidate-Portal/app/api/users/documents/route.ts:300:8)
    at processTicksAndRejections (node:internal/process/task_queues:95:5)
    at /Users/anilrajput/containers/homefirst-Customs/Candidate-Portal/tests/app/api/users/documents.test.ts:501:24

 ✓ tests/app/api/users/documents.test.ts (20 tests) 56ms
 ✓ tests/components/admin-stats.test.tsx (5 tests) 362ms
 ✓ tests/lib/hooks/useUser.test.tsx (3 tests) 219ms
 ✓ tests/components/profile/profile-header.test.tsx (15 tests) 166ms
 ✓ tests/components/my-jobs/application-stage-badge.test.tsx (22 tests) 118ms
 ✓ tests/components/ui/empty.test.tsx (34 tests) 136ms
 ✓ tests/components/dashboard/onboarding-snapshot.test.tsx (4 tests) 294ms
stderr | tests/app/api/admin/applications.test.ts > Admin Applications API > PATCH /api/admin/applications > returns validation error for invalid status
Batch update applications error: ZodError: [
  {
    "code": "invalid_value",
    "values": [
      "pending",
      "reviewing",
      "interviewing",
      "offered",
      "rejected",
      "withdrawn"
    ],
    "path": [
      "status"
    ],
    "message": "Invalid option: expected one of \"pending\"|\"reviewing\"|\"interviewing\"|\"offered\"|\"rejected\"|\"withdrawn\""
  }
]
    at Module.PATCH (/Users/anilrajput/containers/homefirst-Customs/Candidate-Portal/app/api/admin/applications/route.ts:253:45)
    at processTicksAndRejections (node:internal/process/task_queues:95:5)
    at /Users/anilrajput/containers/homefirst-Customs/Candidate-Portal/tests/app/api/admin/applications.test.ts:279:24
    at file:///Users/anilrajput/containers/homefirst-Customs/Candidate-Portal/node_modules/@vitest/runner/dist/chunk-artifact.js:1903:20

stderr | tests/app/api/admin/applications.test.ts > Admin Applications API > PATCH /api/admin/applications > returns validation error for empty application_ids
Batch update applications error: ZodError: [
  {
    "origin": "array",
    "code": "too_small",
    "minimum": 1,
    "inclusive": true,
    "path": [
      "application_ids"
    ],
    "message": "At least one application ID is required"
  }
]
    at Module.PATCH (/Users/anilrajput/containers/homefirst-Customs/Candidate-Portal/app/api/admin/applications/route.ts:253:45)
    at processTicksAndRejections (node:internal/process/task_queues:95:5)
    at /Users/anilrajput/containers/homefirst-Customs/Candidate-Portal/tests/app/api/admin/applications.test.ts:295:24
    at file:///Users/anilrajput/containers/homefirst-Customs/Candidate-Portal/node_modules/@vitest/runner/dist/chunk-artifact.js:1903:20

stderr | tests/app/api/admin/applications.test.ts > Admin Applications API > PATCH /api/admin/applications > returns validation error for invalid UUID
Batch update applications error: ZodError: [
  {
    "origin": "string",
    "code": "invalid_format",
    "format": "uuid",
    "pattern": "/^([0-9a-fA-F]{8}-[0-9a-fA-F]{4}-[1-8][0-9a-fA-F]{3}-[89abAB][0-9a-fA-F]{3}-[0-9a-fA-F]{12}|00000000-0000-0000-0000-000000000000|ffffffff-ffff-ffff-ffff-ffffffffffff)$/",
    "path": [
      "application_ids",
      0
    ],
    "message": "Invalid UUID"
  }
]
    at Module.PATCH (/Users/anilrajput/containers/homefirst-Customs/Candidate-Portal/app/api/admin/applications/route.ts:253:45)
    at processTicksAndRejections (node:internal/process/task_queues:95:5)
    at /Users/anilrajput/containers/homefirst-Customs/Candidate-Portal/tests/app/api/admin/applications.test.ts:311:24
    at file:///Users/anilrajput/containers/homefirst-Customs/Candidate-Portal/node_modules/@vitest/runner/dist/chunk-artifact.js:1903:20

stderr | tests/app/api/admin/applications.test.ts > Admin Applications API > PATCH /api/admin/applications > validates notes length
Batch update applications error: ZodError: [
  {
    "origin": "string",
    "code": "too_big",
    "maximum": 1000,
    "inclusive": true,
    "path": [
      "notes"
    ],
    "message": "Notes too long"
  }
]
    at Module.PATCH (/Users/anilrajput/containers/homefirst-Customs/Candidate-Portal/app/api/admin/applications/route.ts:253:45)
    at processTicksAndRejections (node:internal/process/task_queues:95:5)
    at /Users/anilrajput/containers/homefirst-Customs/Candidate-Portal/tests/app/api/admin/applications.test.ts:352:24
    at file:///Users/anilrajput/containers/homefirst-Customs/Candidate-Portal/node_modules/@vitest/runner/dist/chunk-artifact.js:1903:20

stderr | tests/app/api/admin/applications.test.ts > Admin Applications API > PATCH /api/admin/applications > validates rejection reason length
Batch update applications error: ZodError: [
  {
    "origin": "string",
    "code": "too_big",
    "maximum": 500,
    "inclusive": true,
    "path": [
      "rejection_reason"
    ],
    "message": "Rejection reason too long"
  }
]
    at Module.PATCH (/Users/anilrajput/containers/homefirst-Customs/Candidate-Portal/app/api/admin/applications/route.ts:253:45)
    at processTicksAndRejections (node:internal/process/task_queues:95:5)
    at /Users/anilrajput/containers/homefirst-Customs/Candidate-Portal/tests/app/api/admin/applications.test.ts:372:24
    at file:///Users/anilrajput/containers/homefirst-Customs/Candidate-Portal/node_modules/@vitest/runner/dist/chunk-artifact.js:1903:20

 ✓ tests/app/api/admin/applications.test.ts (16 tests) 32ms
 ✓ tests/components/shared/circular-progress.test.tsx (10 tests) 173ms
 ✓ tests/components/ui/table.test.tsx (40 tests) 273ms
 ✓ tests/components/ui/breadcrumb.test.tsx (36 tests) 236ms
 ✓ tests/lib/hooks/useApplicantStatus.test.tsx (4 tests) 142ms
 ✓ tests/lib/hooks/useFileUpload.test.tsx (2 tests) 200ms
 ✓ tests/components/action-center/Task-status-badge.test.tsx (16 tests) 203ms
 ✓ tests/lib/hooks/useDashboard.test.tsx (2 tests) 188ms
stderr | tests/lib/services/file-upload.test.ts > FileUploadService > uploadFile > handles upload error
File upload error: { message: 'Upload failed' }

stderr | tests/lib/utils/errors.test.ts > Error Utils > handleApiError > handles ZodError by returning 400 with details
API Error: ZodError: [
  {
    "expected": "string",
    "code": "invalid_type",
    "path": [
      "name"
    ],
    "message": "Invalid input: expected string, received number"
  }
]
    at new ZodError (file:///Users/anilrajput/containers/homefirst-Customs/Candidate-Portal/node_modules/zod/v4/core/core.js:39:39)
    at Module.<anonymous> (file:///Users/anilrajput/containers/homefirst-Customs/Candidate-Portal/node_modules/zod/v4/core/parse.js:40:20)
    at _.inst.safeParse (file:///Users/anilrajput/containers/homefirst-Customs/Candidate-Portal/node_modules/zod/v4/classic/schemas.js:40:46)
    at /Users/anilrajput/containers/homefirst-Customs/Candidate-Portal/tests/lib/utils/errors.test.ts:30:29
    at file:///Users/anilrajput/containers/homefirst-Customs/Candidate-Portal/node_modules/@vitest/runner/dist/chunk-artifact.js:302:11
    at file:///Users/anilrajput/containers/homefirst-Customs/Candidate-Portal/node_modules/@vitest/runner/dist/chunk-artifact.js:1903:26
    at file:///Users/anilrajput/containers/homefirst-Customs/Candidate-Portal/node_modules/@vitest/runner/dist/chunk-artifact.js:2326:20
    at new Promise (<anonymous>)
    at runWithCancel (file:///Users/anilrajput/containers/homefirst-Customs/Candidate-Portal/node_modules/@vitest/runner/dist/chunk-artifact.js:2323:10)
    at file:///Users/anilrajput/containers/homefirst-Customs/Candidate-Portal/node_modules/@vitest/runner/dist/chunk-artifact.js:2305:20

stderr | tests/lib/utils/errors.test.ts > Error Utils > handleApiError > handles AppError by returning its status code
API Error: AppError: Custom error
    at /Users/anilrajput/containers/homefirst-Customs/Candidate-Portal/tests/lib/utils/errors.test.ts:42:21
    at file:///Users/anilrajput/containers/homefirst-Customs/Candidate-Portal/node_modules/@vitest/runner/dist/chunk-artifact.js:302:11
    at file:///Users/anilrajput/containers/homefirst-Customs/Candidate-Portal/node_modules/@vitest/runner/dist/chunk-artifact.js:1903:26
    at file:///Users/anilrajput/containers/homefirst-Customs/Candidate-Portal/node_modules/@vitest/runner/dist/chunk-artifact.js:2326:20
    at new Promise (<anonymous>)
    at runWithCancel (file:///Users/anilrajput/containers/homefirst-Customs/Candidate-Portal/node_modules/@vitest/runner/dist/chunk-artifact.js:2323:10)
    at file:///Users/anilrajput/containers/homefirst-Customs/Candidate-Portal/node_modules/@vitest/runner/dist/chunk-artifact.js:2305:20
    at new Promise (<anonymous>)
    at runWithTimeout (file:///Users/anilrajput/containers/homefirst-Customs/Candidate-Portal/node_modules/@vitest/runner/dist/chunk-artifact.js:2272:10)
    at file:///Users/anilrajput/containers/homefirst-Customs/Candidate-Portal/node_modules/@vitest/runner/dist/chunk-artifact.js:2955:64 {
  statusCode: 403,
  isOperational: true
}

stderr | tests/lib/utils/errors.test.ts > Error Utils > handleApiError > handles Supabase 404 (PGRST116)
API Error: { code: 'PGRST116', message: 'Not found' }

stdout | tests/lib/services/file-upload.test.ts > FileUploadService > cleanupOrphanedFiles > cleans up orphaned files
Cleaned orphaned file: f2

 ✓ tests/lib/services/file-upload.test.ts (15 tests) 130ms
 ✓ tests/lib/hooks/useCandidateFeatureFlags.test.tsx (1 test) 69ms
 ✓ tests/lib/utils/errors.test.ts (9 tests) 92ms
 ✓ tests/lib/hooks/useOnboardingForm.test.tsx (2 tests) 76ms
 ✓ tests/lib/hooks/useWebsiteBranding.test.tsx (1 test) 92ms
 ✓ tests/components/onboarding/section-card.test.tsx (4 tests) 119ms
 ✓ tests/lib/hooks/useCompanyLogo.test.tsx (2 tests) 129ms
 ✓ tests/components/dashboard/journey-countdown.test.tsx (3 tests) 55ms
 ✓ tests/lib/utils/response.test.ts (10 tests) 25ms
 ✓ tests/components/onboarding-wizard.test.tsx (2 tests) 39ms
 ✓ tests/app/api/admin/onboarding/[userId]/route.test.ts (4 tests) 8ms
stderr | tests/app/job_offer/pdf-viewer.test.tsx > PdfViewer > renders correctly and shows pages after loading
Cannot update a component (`PdfViewer`) while rendering a different component (`Document`). To locate the bad setState() call inside `Document`, follow the stack trace as described in https://react.dev/link/setstate-in-render

 ✓ tests/app/job_offer/pdf-viewer.test.tsx (1 test) 29ms
 ✓ tests/components/dashboard/info-card.test.tsx (3 tests) 105ms
stderr | tests/lib/middleware/rate-limit.test.ts > Rate Limit Middleware > withRateLimit > continues if middleware throws error
Rate limit middleware error: Error: fail
    at /Users/anilrajput/containers/homefirst-Customs/Candidate-Portal/tests/lib/middleware/rate-limit.test.ts:104:63
    at file:///Users/anilrajput/containers/homefirst-Customs/Candidate-Portal/node_modules/@vitest/runner/dist/chunk-artifact.js:302:11
    at file:///Users/anilrajput/containers/homefirst-Customs/Candidate-Portal/node_modules/@vitest/runner/dist/chunk-artifact.js:1903:26
    at file:///Users/anilrajput/containers/homefirst-Customs/Candidate-Portal/node_modules/@vitest/runner/dist/chunk-artifact.js:2326:20
    at new Promise (<anonymous>)
    at runWithCancel (file:///Users/anilrajput/containers/homefirst-Customs/Candidate-Portal/node_modules/@vitest/runner/dist/chunk-artifact.js:2323:10)
    at file:///Users/anilrajput/containers/homefirst-Customs/Candidate-Portal/node_modules/@vitest/runner/dist/chunk-artifact.js:2305:20
    at new Promise (<anonymous>)
    at runWithTimeout (file:///Users/anilrajput/containers/homefirst-Customs/Candidate-Portal/node_modules/@vitest/runner/dist/chunk-artifact.js:2272:10)
    at file:///Users/anilrajput/containers/homefirst-Customs/Candidate-Portal/node_modules/@vitest/runner/dist/chunk-artifact.js:2955:64

 ✓ tests/lib/middleware/rate-limit.test.ts (13 tests) 45ms
 ✓ tests/app/api/admin/sync/jobs.test.ts (11 tests) 58ms
stderr | tests/app/api/webhooks/frappe.test.ts > Frappe Webhook API > POST /api/webhooks/frappe > input validation > returns 401 for invalid signature
Signature verification error: RangeError: Input buffers must have the same byte length
    at verifyWebhookSignature (/Users/anilrajput/containers/homefirst-Customs/Candidate-Portal/app/api/webhooks/frappe/route.ts:83:19)
    at Module.POST (/Users/anilrajput/containers/homefirst-Customs/Candidate-Portal/app/api/webhooks/frappe/route.ts:113:24)
    at processTicksAndRejections (node:internal/process/task_queues:95:5)
    at /Users/anilrajput/containers/homefirst-Customs/Candidate-Portal/tests/app/api/webhooks/frappe.test.ts:153:26
    at file:///Users/anilrajput/containers/homefirst-Customs/Candidate-Portal/node_modules/@vitest/runner/dist/chunk-artifact.js:1903:20 {
  code: 'ERR_CRYPTO_TIMING_SAFE_EQUAL_LENGTH'
}

stdout | tests/app/api/webhooks/frappe.test.ts > Frappe Webhook API > POST /api/webhooks/frappe > job webhook > creates a new job
Job job-123 created via webhook

stdout | tests/app/api/webhooks/frappe.test.ts > Frappe Webhook API > POST /api/webhooks/frappe > job webhook > updates existing job
Job job-123 updated via webhook

stdout | tests/app/api/webhooks/frappe.test.ts > Frappe Webhook API > POST /api/webhooks/frappe > job webhook > deletes job (soft delete)
Job job-123 deleted via webhook

stderr | tests/app/api/webhooks/frappe.test.ts > Frappe Webhook API > POST /api/webhooks/frappe > job webhook > returns 400 for invalid job payload
Job webhook validation error: [
  {
    code: 'invalid_value',
    values: [ 'full-time', 'part-time', 'contract', 'freelance', 'internship' ],
    path: [ 'data', 'job_type' ],
    message: 'Invalid option: expected one of "full-time"|"part-time"|"contract"|"freelance"|"internship"'
  }
]

stdout | tests/app/api/webhooks/frappe.test.ts > Frappe Webhook API > POST /api/webhooks/frappe > application webhook > creates a new application
Application app-123 created via webhook

stdout | tests/app/api/webhooks/frappe.test.ts > Frappe Webhook API > POST /api/webhooks/frappe > application webhook > updates existing application
Application app-123 updated via webhook

stderr | tests/app/api/webhooks/frappe.test.ts > Frappe Webhook API > POST /api/webhooks/frappe > application webhook > returns 404 when candidate not found
Candidate with email candidate@example.com not found

stderr | tests/app/api/webhooks/frappe.test.ts > Frappe Webhook API > POST /api/webhooks/frappe > application webhook > returns 404 when job not found
Job with Frappe ID job-123 not found

stdout | tests/app/api/webhooks/frappe.test.ts > Frappe Webhook API > POST /api/webhooks/frappe > application webhook > deletes application
Application app-123 deleted via webhook

stdout | tests/app/api/webhooks/frappe.test.ts > Frappe Webhook API > POST /api/webhooks/frappe > company webhook > creates a new company
Company company-123 created via webhook

stdout | tests/app/api/webhooks/frappe.test.ts > Frappe Webhook API > POST /api/webhooks/frappe > company webhook > updates existing company
Company company-123 updated via webhook

stdout | tests/app/api/webhooks/frappe.test.ts > Frappe Webhook API > POST /api/webhooks/frappe > company webhook > deletes company (soft delete)
Company company-123 deleted via webhook

stderr | tests/app/api/webhooks/frappe.test.ts > Frappe Webhook API > POST /api/webhooks/frappe > error handling > returns 500 for unexpected errors
Upsert job error: Error: Database connection error
    at Object.<anonymous> (/Users/anilrajput/containers/homefirst-Customs/Candidate-Portal/tests/app/api/webhooks/frappe.test.ts:836:17)
    at Object.Mock (file:///Users/anilrajput/containers/homefirst-Customs/Candidate-Portal/node_modules/@vitest/spy/dist/index.js:332:34)
    at upsertJob (/Users/anilrajput/containers/homefirst-Customs/Candidate-Portal/app/api/webhooks/frappe/route.ts:235:8)
    at handleJobWebhook (/Users/anilrajput/containers/homefirst-Customs/Candidate-Portal/app/api/webhooks/frappe/route.ts:145:22)
    at Module.POST (/Users/anilrajput/containers/homefirst-Customs/Candidate-Portal/app/api/webhooks/frappe/route.ts:122:22)
    at processTicksAndRejections (node:internal/process/task_queues:95:5)
    at /Users/anilrajput/containers/homefirst-Customs/Candidate-Portal/tests/app/api/webhooks/frappe.test.ts:839:26
    at file:///Users/anilrajput/containers/homefirst-Customs/Candidate-Portal/node_modules/@vitest/runner/dist/chunk-artifact.js:1903:20

stderr | tests/app/api/webhooks/frappe.test.ts > Frappe Webhook API > POST /api/webhooks/frappe > error handling > returns 500 for unexpected errors
Webhook handler error: Error: Database connection error
    at Object.<anonymous> (/Users/anilrajput/containers/homefirst-Customs/Candidate-Portal/tests/app/api/webhooks/frappe.test.ts:836:17)
    at Object.Mock (file:///Users/anilrajput/containers/homefirst-Customs/Candidate-Portal/node_modules/@vitest/spy/dist/index.js:332:34)
    at upsertJob (/Users/anilrajput/containers/homefirst-Customs/Candidate-Portal/app/api/webhooks/frappe/route.ts:235:8)
    at handleJobWebhook (/Users/anilrajput/containers/homefirst-Customs/Candidate-Portal/app/api/webhooks/frappe/route.ts:145:22)
    at Module.POST (/Users/anilrajput/containers/homefirst-Customs/Candidate-Portal/app/api/webhooks/frappe/route.ts:122:22)
    at processTicksAndRejections (node:internal/process/task_queues:95:5)
    at /Users/anilrajput/containers/homefirst-Customs/Candidate-Portal/tests/app/api/webhooks/frappe.test.ts:839:26
    at file:///Users/anilrajput/containers/homefirst-Customs/Candidate-Portal/node_modules/@vitest/runner/dist/chunk-artifact.js:1903:20

 ✓ tests/app/api/webhooks/frappe.test.ts (21 tests) 41ms
 ✓ tests/app/api/applications/[id]/status/route.test.ts (17 tests) 57ms
stderr | tests/app/api/admin/sync.test.ts > Admin Sync API > POST /api/admin/sync > returns validation error for invalid entity_type
Start sync error: ZodError: [
  {
    "code": "invalid_value",
    "values": [
      "jobs",
      "applications",
      "all"
    ],
    "path": [
      "entity_type"
    ],
    "message": "Invalid option: expected one of \"jobs\"|\"applications\"|\"all\""
  }
]
    at Module.POST (/Users/anilrajput/containers/homefirst-Customs/Candidate-Portal/app/api/admin/sync/route.ts:58:45)
    at processTicksAndRejections (node:internal/process/task_queues:95:5)
    at /Users/anilrajput/containers/homefirst-Customs/Candidate-Portal/tests/app/api/admin/sync.test.ts:74:24
    at file:///Users/anilrajput/containers/homefirst-Customs/Candidate-Portal/node_modules/@vitest/runner/dist/chunk-artifact.js:1903:20

stdout | tests/app/api/admin/sync.test.ts > Admin Sync API > POST /api/admin/sync > returns 409 when sync job is already running
Starting job sync... { entity_type: 'jobs', force: true, batch_size: 10 }

stdout | tests/app/api/admin/sync.test.ts > Admin Sync API > POST /api/admin/sync > starts sync job successfully with force flag
Starting job sync... { entity_type: 'jobs', force: true, batch_size: 10 }

stderr | tests/app/api/applications/[id]/route.test.ts > Application API > GET /api/applications/[id] > returns 404 when application not found
Get application error: TypeError: __vite_ssr_import_1__.supabaseAdmin.from(...).select(...).eq(...).eq is not a function
    at Module.GET (/Users/anilrajput/containers/homefirst-Customs/Candidate-Portal/app/api/applications/[id]/route.ts:78:8)
    at processTicksAndRejections (node:internal/process/task_queues:95:5)
    at /Users/anilrajput/containers/homefirst-Customs/Candidate-Portal/tests/app/api/applications/[id]/route.test.ts:79:24
    at file:///Users/anilrajput/containers/homefirst-Customs/Candidate-Portal/node_modules/@vitest/runner/dist/chunk-artifact.js:1903:20

stdout | tests/app/api/admin/sync.test.ts > Admin Sync API > POST /api/admin/sync > starts sync job for all entities successfully
Starting job sync... { entity_type: 'all', force: false, batch_size: 50 }

stdout | tests/app/api/admin/sync.test.ts > Admin Sync API > GET /api/admin/sync > returns sync job with progress percentage
Starting job sync... { entity_type: 'jobs', force: true, batch_size: 10 }

stdout | tests/app/api/admin/sync.test.ts > Admin Sync API > GET /api/admin/sync > returns sync job with progress percentage
Starting job sync... { entity_type: 'jobs', force: true, batch_size: 10 }

stderr | tests/app/api/applications/[id]/route.test.ts > Application API > PUT /api/applications/[id] > returns validation error for invalid status
Update application error: ZodError: [
  {
    "code": "invalid_value",
    "values": [
      "pending",
      "reviewing",
      "interviewing",
      "offered",
      "rejected",
      "withdrawn"
    ],
    "path": [
      "status"
    ],
    "message": "Invalid option: expected one of \"pending\"|\"reviewing\"|\"interviewing\"|\"offered\"|\"rejected\"|\"withdrawn\""
  }
]
    at Module.PUT (/Users/anilrajput/containers/homefirst-Customs/Candidate-Portal/app/api/applications/[id]/route.ts:126:51)
    at processTicksAndRejections (node:internal/process/task_queues:95:5)
    at /Users/anilrajput/containers/homefirst-Customs/Candidate-Portal/tests/app/api/applications/[id]/route.test.ts:114:24
    at file:///Users/anilrajput/containers/homefirst-Customs/Candidate-Portal/node_modules/@vitest/runner/dist/chunk-artifact.js:1903:20

stdout | tests/app/api/admin/sync.test.ts > Admin Sync API > DELETE /api/admin/sync > cancels running sync job successfully
Starting job sync... { entity_type: 'jobs', force: true, batch_size: 10 }

stdout | tests/app/api/admin/sync.test.ts > Admin Sync API > DELETE /api/admin/sync > cancels running sync job successfully
Starting job sync... { entity_type: 'jobs', force: true, batch_size: 10 }

stdout | tests/app/api/admin/sync.test.ts > Admin Sync API > DELETE /api/admin/sync > cancels running sync job successfully
Sync job 0ce6395f-b2b2-42da-ae80-f7d74cc513be cancelled by user user-123

 ✓ tests/app/api/applications/[id]/route.test.ts (7 tests) 21ms
 ✓ tests/app/api/admin/sync.test.ts (16 tests) 36ms
stderr | tests/app/api/admin/frappe-environments/route.test.ts > Admin Frappe Environments API > GET > returns environments
Frappe environments GET error: TypeError: __vite_ssr_import_0__.supabaseAdmin.from(...).select(...).order is not a function
    at FrappeEnvironmentManager.listEnvironments (/Users/anilrajput/containers/homefirst-Customs/Candidate-Portal/lib/services/frappe-env.ts:422:8)
    at Module.GET (/Users/anilrajput/containers/homefirst-Customs/Candidate-Portal/app/api/admin/frappe-environments/route.ts:41:49)
    at processTicksAndRejections (node:internal/process/task_queues:95:5)
    at /Users/anilrajput/containers/homefirst-Customs/Candidate-Portal/tests/app/api/admin/frappe-environments/route.test.ts:52:24
    at file:///Users/anilrajput/containers/homefirst-Customs/Candidate-Portal/node_modules/@vitest/runner/dist/chunk-artifact.js:1903:20

 ✓ tests/app/api/admin/frappe-environments/route.test.ts (3 tests) 18ms
 ✓ tests/app/api/admin/sso-providers/[id]/route.test.ts (4 tests) 13ms
stderr | tests/lib/feature-flags.test.ts > getAllFeatureFlags > returns empty array on error
Error fetching feature flags: { message: 'DB error' }

stderr | tests/lib/feature-flags.test.ts > getAllFeatureFlags > returns empty array on exception
Error in getAllFeatureFlags: Error: Unexpected
    at Object.<anonymous> (/Users/anilrajput/containers/homefirst-Customs/Candidate-Portal/tests/lib/feature-flags.test.ts:74:53)
    at Object.Mock (file:///Users/anilrajput/containers/homefirst-Customs/Candidate-Portal/node_modules/@vitest/spy/dist/index.js:332:34)
    at Module.getAllFeatureFlags (/Users/anilrajput/containers/homefirst-Customs/Candidate-Portal/lib/feature-flags.ts:67:8)
    at /Users/anilrajput/containers/homefirst-Customs/Candidate-Portal/tests/lib/feature-flags.test.ts:75:26
    at file:///Users/anilrajput/containers/homefirst-Customs/Candidate-Portal/node_modules/@vitest/runner/dist/chunk-artifact.js:302:11
    at file:///Users/anilrajput/containers/homefirst-Customs/Candidate-Portal/node_modules/@vitest/runner/dist/chunk-artifact.js:1903:26
    at file:///Users/anilrajput/containers/homefirst-Customs/Candidate-Portal/node_modules/@vitest/runner/dist/chunk-artifact.js:2326:20
    at new Promise (<anonymous>)
    at runWithCancel (file:///Users/anilrajput/containers/homefirst-Customs/Candidate-Portal/node_modules/@vitest/runner/dist/chunk-artifact.js:2323:10)
    at file:///Users/anilrajput/containers/homefirst-Customs/Candidate-Portal/node_modules/@vitest/runner/dist/chunk-artifact.js:2305:20

stderr | tests/lib/feature-flags.test.ts > getFeatureFlagsForUser > returns DEFAULT_FLAGS on database error
Error fetching feature flags: { message: 'error' }

stderr | tests/lib/feature-flags.test.ts > getFeatureFlagsForUser > uses DEFAULT_FLAGS on exception
Error in getFeatureFlagsForUser: Error: Network
    at Object.<anonymous> (/Users/anilrajput/containers/homefirst-Customs/Candidate-Portal/tests/lib/feature-flags.test.ts:114:53)
    at Object.Mock (file:///Users/anilrajput/containers/homefirst-Customs/Candidate-Portal/node_modules/@vitest/spy/dist/index.js:332:34)
    at Module.getFeatureFlagsForUser (/Users/anilrajput/containers/homefirst-Customs/Candidate-Portal/lib/feature-flags.ts:94:8)
    at /Users/anilrajput/containers/homefirst-Customs/Candidate-Portal/tests/lib/feature-flags.test.ts:115:26
    at file:///Users/anilrajput/containers/homefirst-Customs/Candidate-Portal/node_modules/@vitest/runner/dist/chunk-artifact.js:302:11
    at file:///Users/anilrajput/containers/homefirst-Customs/Candidate-Portal/node_modules/@vitest/runner/dist/chunk-artifact.js:1903:26
    at file:///Users/anilrajput/containers/homefirst-Customs/Candidate-Portal/node_modules/@vitest/runner/dist/chunk-artifact.js:2326:20
    at new Promise (<anonymous>)
    at runWithCancel (file:///Users/anilrajput/containers/homefirst-Customs/Candidate-Portal/node_modules/@vitest/runner/dist/chunk-artifact.js:2323:10)
    at file:///Users/anilrajput/containers/homefirst-Customs/Candidate-Portal/node_modules/@vitest/runner/dist/chunk-artifact.js:2305:20

stderr | tests/lib/feature-flags.test.ts > isFeatureEnabled > returns DEFAULT_FLAGS value on error
Error in getFeatureFlagsForUser: Error: err
    at Object.<anonymous> (/Users/anilrajput/containers/homefirst-Customs/Candidate-Portal/tests/lib/feature-flags.test.ts:201:53)
    at Object.Mock (file:///Users/anilrajput/containers/homefirst-Customs/Candidate-Portal/node_modules/@vitest/spy/dist/index.js:332:34)
    at getFeatureFlagsForUser (/Users/anilrajput/containers/homefirst-Customs/Candidate-Portal/lib/feature-flags.ts:94:8)
    at Module.isFeatureEnabled (/Users/anilrajput/containers/homefirst-Customs/Candidate-Portal/lib/feature-flags.ts:151:25)
    at /Users/anilrajput/containers/homefirst-Customs/Candidate-Portal/tests/lib/feature-flags.test.ts:202:26
    at file:///Users/anilrajput/containers/homefirst-Customs/Candidate-Portal/node_modules/@vitest/runner/dist/chunk-artifact.js:302:11
    at file:///Users/anilrajput/containers/homefirst-Customs/Candidate-Portal/node_modules/@vitest/runner/dist/chunk-artifact.js:1903:26
    at file:///Users/anilrajput/containers/homefirst-Customs/Candidate-Portal/node_modules/@vitest/runner/dist/chunk-artifact.js:2326:20
    at new Promise (<anonymous>)
    at runWithCancel (file:///Users/anilrajput/containers/homefirst-Customs/Candidate-Portal/node_modules/@vitest/runner/dist/chunk-artifact.js:2323:10)

stderr | tests/lib/feature-flags.test.ts > getFeatureFlagValue > returns flag value
Error fetching feature flags: { message: 'error' }

stderr | tests/lib/feature-flags.test.ts > getFeatureFlagValue > returns defaultValue when flag not found and defaultValue provided
Error in getFeatureFlagsForUser: Error: err
    at Object.<anonymous> (/Users/anilrajput/containers/homefirst-Customs/Candidate-Portal/tests/lib/feature-flags.test.ts:222:53)
    at Object.Mock (file:///Users/anilrajput/containers/homefirst-Customs/Candidate-Portal/node_modules/@vitest/spy/dist/index.js:332:34)
    at getFeatureFlagsForUser (/Users/anilrajput/containers/homefirst-Customs/Candidate-Portal/lib/feature-flags.ts:94:8)
    at Module.getFeatureFlagValue (/Users/anilrajput/containers/homefirst-Customs/Candidate-Portal/lib/feature-flags.ts:166:25)
    at /Users/anilrajput/containers/homefirst-Customs/Candidate-Portal/tests/lib/feature-flags.test.ts:223:26
    at file:///Users/anilrajput/containers/homefirst-Customs/Candidate-Portal/node_modules/@vitest/runner/dist/chunk-artifact.js:302:11
    at file:///Users/anilrajput/containers/homefirst-Customs/Candidate-Portal/node_modules/@vitest/runner/dist/chunk-artifact.js:1903:26
    at file:///Users/anilrajput/containers/homefirst-Customs/Candidate-Portal/node_modules/@vitest/runner/dist/chunk-artifact.js:2326:20
    at new Promise (<anonymous>)
    at runWithCancel (file:///Users/anilrajput/containers/homefirst-Customs/Candidate-Portal/node_modules/@vitest/runner/dist/chunk-artifact.js:2323:10)

stderr | tests/lib/feature-flags.test.ts > updateFeatureFlag > returns null on error
Error updating feature flag: { message: 'error' }

stderr | tests/lib/feature-flags.test.ts > createUserOverride > returns null on error
Error creating user override: { message: 'error' }

stderr | tests/lib/feature-flags.test.ts > removeUserOverride > returns false on error
Error removing user override: { message: 'error' }

 ✓ tests/lib/feature-flags.test.ts (22 tests) 66ms
 ✓ tests/lib/frappe-api.test.ts (24 tests) 40ms
 ✓ tests/lib/auth.test.ts (41 tests) 19ms
 ✓ tests/lib/utils/api.test.ts (16 tests) 14ms
 ✓ tests/lib/services/frappe-env.test.ts (27 tests) 21ms
 ✓ tests/app/api/admin/company-domains/[id]/route.test.ts (8 tests) 17ms
 ✓ tests/lib/middleware/auth.test.ts (19 tests) 19ms
 ✓ tests/lib/services/applicantStatusService.test.ts (2 tests) 5ms
stderr | tests/lib/utils/permissions.test.ts > Permission Utils > getUserContext > returns null on error
Failed to get user profile: { message: 'error' }

stderr | tests/lib/utils/permissions.test.ts > Permission Utils > canAccessResource > returns false on error
Error getting user context: Error: DB Error
    at /Users/anilrajput/containers/homefirst-Customs/Candidate-Portal/tests/lib/utils/permissions.test.ts:140:52
    at file:///Users/anilrajput/containers/homefirst-Customs/Candidate-Portal/node_modules/@vitest/runner/dist/chunk-artifact.js:302:11
    at file:///Users/anilrajput/containers/homefirst-Customs/Candidate-Portal/node_modules/@vitest/runner/dist/chunk-artifact.js:1903:26
    at file:///Users/anilrajput/containers/homefirst-Customs/Candidate-Portal/node_modules/@vitest/runner/dist/chunk-artifact.js:2326:20
    at new Promise (<anonymous>)
    at runWithCancel (file:///Users/anilrajput/containers/homefirst-Customs/Candidate-Portal/node_modules/@vitest/runner/dist/chunk-artifact.js:2323:10)
    at file:///Users/anilrajput/containers/homefirst-Customs/Candidate-Portal/node_modules/@vitest/runner/dist/chunk-artifact.js:2305:20
    at new Promise (<anonymous>)
    at runWithTimeout (file:///Users/anilrajput/containers/homefirst-Customs/Candidate-Portal/node_modules/@vitest/runner/dist/chunk-artifact.js:2272:10)
    at file:///Users/anilrajput/containers/homefirst-Customs/Candidate-Portal/node_modules/@vitest/runner/dist/chunk-artifact.js:2955:64

stdout | tests/lib/utils/permissions.test.ts > Permission Utils > updateUserRole > updates role successfully
User target1 role updated to candidate by admin admin1

 ✓ tests/lib/utils/permissions.test.ts (18 tests) 41ms
stderr | tests/app/api/admin/frappe-environments/[id]/activate/route.test.ts > Admin Frappe Environment Activate API > activates environment
Frappe environment activate error: TypeError: __vite_ssr_import_0__.supabaseAdmin.from(...).select(...).eq is not a function
    at Module.POST (/Users/anilrajput/containers/homefirst-Customs/Candidate-Portal/app/api/admin/frappe-environments/[id]/activate/route.ts:35:8)
    at processTicksAndRejections (node:internal/process/task_queues:95:5)
    at /Users/anilrajput/containers/homefirst-Customs/Candidate-Portal/tests/app/api/admin/frappe-environments/[id]/activate/route.test.ts:51:22
    at file:///Users/anilrajput/containers/homefirst-Customs/Candidate-Portal/node_modules/@vitest/runner/dist/chunk-artifact.js:1903:20

 ✓ tests/app/api/admin/frappe-environments/[id]/activate/route.test.ts (2 tests) 26ms
stderr | tests/app/api/admin/onboarding/[userId]/create-employee/route.test.ts > Admin Onboarding Create Employee API > creates employee successfully
POST /api/admin/onboarding/[userId]/create-employee error: Error: Onboarding not approved
    at OnboardingService.createFrappeEmployee (/Users/anilrajput/containers/homefirst-Customs/Candidate-Portal/lib/services/onboarding.ts:122:13)
    at processTicksAndRejections (node:internal/process/task_queues:95:5)
    at Module.POST (/Users/anilrajput/containers/homefirst-Customs/Candidate-Portal/app/api/admin/onboarding/[userId]/create-employee/route.ts:30:20)
    at /Users/anilrajput/containers/homefirst-Customs/Candidate-Portal/tests/app/api/admin/onboarding/[userId]/create-employee/route.test.ts:56:22
    at file:///Users/anilrajput/containers/homefirst-Customs/Candidate-Portal/node_modules/@vitest/runner/dist/chunk-artifact.js:1903:20

 ✓ tests/app/api/admin/onboarding/[userId]/create-employee/route.test.ts (2 tests) 11ms
 ✓ tests/lib/hooks/useOnboardingMutation.test.tsx (1 test) 15ms
stdout | tests/lib/services/email.test.ts > EmailService > sendEmail sends mail with correct options
Email sent successfully: 123

stdout | tests/lib/services/email.test.ts > EmailService > sendApplicationStatusUpdate uses correct template
Email sent successfully: 123

stdout | tests/lib/services/email.test.ts > EmailService > sendWelcomeEmail uses correct template
Email sent successfully: 123

stdout | tests/lib/services/email.test.ts > EmailService > sendJobAlert uses correct template
Email sent successfully: 123

stdout | tests/lib/services/email.test.ts > EmailService > sendPasswordReset uses correct template
Email sent successfully: 123

stdout | tests/lib/services/email.test.ts > EmailService > sendBulkEmails works correctly
Email sent successfully: 123

 ✓ tests/lib/services/email.test.ts (9 tests) 15ms
 ✓ tests/lib/services/onboarding.test.ts (11 tests) 19ms
 ✓ tests/app/api/admin/feature-flags/[id]/route.test.ts (4 tests) 11ms
 ✓ tests/lib/services/candidate-onboarding.test.ts (6 tests) 9ms
 ✓ tests/lib/utils/transformJobFields.test.ts (3 tests) 4ms
stdout | tests/lib/services/uploadProofFile.test.ts > profileService > uploadFile calls FrappeAPI.uploadFile correctly
Uploading file: File {}

stdout | tests/lib/services/uploadProofFile.test.ts > profileService > handles upload errors
Uploading file: File {}

 ✓ tests/lib/services/uploadProofFile.test.ts (2 tests) 9ms
stderr | tests/app/api/admin/frappe-environments/[id]/test-connection/route.test.ts > Admin Frappe Environment Test Connection API > tests connection successfully
Frappe environment test-connection error: TypeError: Cannot read properties of undefined (reading 'select')
    at FrappeEnvironmentManager.testConnection (/Users/anilrajput/containers/homefirst-Customs/Candidate-Portal/lib/services/frappe-env.ts:345:35)
    at Module.POST (/Users/anilrajput/containers/homefirst-Customs/Candidate-Portal/app/api/admin/frappe-environments/[id]/test-connection/route.ts:29:43)
    at processTicksAndRejections (node:internal/process/task_queues:95:5)
    at /Users/anilrajput/containers/homefirst-Customs/Candidate-Portal/tests/app/api/admin/frappe-environments/[id]/test-connection/route.test.ts:47:22
    at file:///Users/anilrajput/containers/homefirst-Customs/Candidate-Portal/node_modules/@vitest/runner/dist/chunk-artifact.js:1903:20

 ✓ tests/app/api/admin/frappe-environments/[id]/test-connection/route.test.ts (2 tests) 9ms
stderr | tests/app/api/admin/frappe-environments/[id]/route.test.ts > Admin Frappe Environment [id] API > GET > returns environment
Frappe environment GET error: TypeError: __vite_ssr_import_1__.supabaseAdmin.from(...).select(...).eq is not a function
    at Module.GET (/Users/anilrajput/containers/homefirst-Customs/Candidate-Portal/app/api/admin/frappe-environments/[id]/route.ts:49:8)
    at processTicksAndRejections (node:internal/process/task_queues:95:5)
    at /Users/anilrajput/containers/homefirst-Customs/Candidate-Portal/tests/app/api/admin/frappe-environments/[id]/route.test.ts:54:24
    at file:///Users/anilrajput/containers/homefirst-Customs/Candidate-Portal/node_modules/@vitest/runner/dist/chunk-artifact.js:1903:20

stderr | tests/app/api/admin/frappe-environments/[id]/route.test.ts > Admin Frappe Environment [id] API > PUT > updates environment
Frappe environment PUT error: TypeError: __vite_ssr_import_1__.supabaseAdmin.from(...).update(...).eq is not a function
    at Module.PUT (/Users/anilrajput/containers/homefirst-Customs/Candidate-Portal/app/api/admin/frappe-environments/[id]/route.ts:104:8)
    at processTicksAndRejections (node:internal/process/task_queues:95:5)
    at /Users/anilrajput/containers/homefirst-Customs/Candidate-Portal/tests/app/api/admin/frappe-environments/[id]/route.test.ts:67:24
    at file:///Users/anilrajput/containers/homefirst-Customs/Candidate-Portal/node_modules/@vitest/runner/dist/chunk-artifact.js:1903:20

stderr | tests/app/api/admin/frappe-environments/[id]/route.test.ts > Admin Frappe Environment [id] API > DELETE > deletes environment
Frappe environment DELETE error: TypeError: __vite_ssr_import_1__.supabaseAdmin.from(...).select is not a function
    at Module.DELETE (/Users/anilrajput/containers/homefirst-Customs/Candidate-Portal/app/api/admin/frappe-environments/[id]/route.ts:147:8)
    at processTicksAndRejections (node:internal/process/task_queues:95:5)
    at /Users/anilrajput/containers/homefirst-Customs/Candidate-Portal/tests/app/api/admin/frappe-environments/[id]/route.test.ts:80:24
    at file:///Users/anilrajput/containers/homefirst-Customs/Candidate-Portal/node_modules/@vitest/runner/dist/chunk-artifact.js:1903:20

 ✓ tests/app/api/admin/frappe-environments/[id]/route.test.ts (4 tests) 60ms
 ✓ tests/lib/services/jobOpeningService.test.ts (7 tests) 9ms
 ✓ tests/lib/services/sso.test.ts (5 tests) 4ms
 ✓ tests/lib/services/jobOffer.test.ts (7 tests) 9ms
 ✓ tests/lib/services/sync.test.ts (6 tests) 10ms
 ✓ tests/app/api/admin/company-domains/route.test.ts (7 tests) 14ms
 ✓ tests/lib/services/employee-detection.test.ts (9 tests) 11ms
 ✓ tests/lib/services/matching.test.ts (17 tests) 16ms
 ✓ tests/lib/services/action-center.test.ts (3 tests) 6ms
 ✓ tests/app/api/admin/feature-flags/route.test.ts (5 tests) 13ms
 ✓ tests/lib/services/feature-flags.test.ts (1 test) 4ms
 ✓ tests/app/api/admin/dashboard/route.test.ts (3 tests) 8ms
 ✓ tests/lib/services/dashboard.test.ts (3 tests) 20ms
 ✓ tests/app/api/admin/jobs/[id]/visibility/route.test.ts (2 tests) 14ms
 ✓ tests/lib/validation/onboarding-schemas.test.ts (3 tests) 5ms
 ✓ tests/components/job-application/job-application.test.ts (1 test) 2ms
 ✓ tests/lib/services/website-branding.test.ts (1 test) 3ms

⎯⎯⎯⎯⎯⎯ Failed Suites 3 ⎯⎯⎯⎯⎯⎯⎯

 FAIL  tests/lib/hooks/useJobOffer.test.tsx [ tests/lib/hooks/useJobOffer.test.tsx ]
Error: Transform failed with 1 error:

[31m[PARSE_ERROR] Error:[0m Identifier `useJobOfferPdf` has already been declared
    [38;5;246m╭[0m[38;5;246m─[0m[38;5;246m[[0m tests/lib/hooks/useJobOffer.test.tsx:6:3 [38;5;246m][0m
    [38;5;246m│[0m
 [38;5;246m 6 │[0m [38;5;249m [0m[38;5;249m [0museJobOfferPdf[38;5;249m,[0m
 [38;5;240m   │[0m   ───────┬──────  
 [38;5;240m   │[0m          ╰──────── `useJobOfferPdf` has already been declared here
 [38;5;240m   │[0m 
 [38;5;246m10 │[0m [38;5;249m [0m[38;5;249m [0museJobOfferPdf
 [38;5;240m   │[0m   ───────┬──────  
 [38;5;240m   │[0m          ╰──────── It can not be redeclared here
[38;5;246m────╯[0m

  Plugin: vite:oxc
  File: /Users/anilrajput/containers/homefirst-Customs/Candidate-Portal/tests/lib/hooks/useJobOffer.test.tsx
 ❯ transformWithOxc node_modules/vite/dist/node/chunks/node.js:3343:19
 ❯ TransformPluginContext.transform node_modules/vite/dist/node/chunks/node.js:3411:26
 ❯ EnvironmentPluginContainer.transform node_modules/vite/dist/node/chunks/node.js:30164:51
 ❯ loadAndTransform node_modules/vite/dist/node/chunks/node.js:24512:26

⎯⎯⎯⎯⎯⎯⎯⎯⎯⎯⎯⎯⎯⎯⎯⎯⎯⎯⎯⎯⎯⎯⎯[1/85]⎯

 FAIL  tests/lib/validation/schemas.test.ts [ tests/lib/validation/schemas.test.ts ]
Error: Transform failed with 1 error:

[31m[PARSE_ERROR] Error:[0m Identifier `updateJobSchema` has already been declared
     [38;5;246m╭[0m[38;5;246m─[0m[38;5;246m[[0m lib/validation/schemas.ts:94:14 [38;5;246m][0m
     [38;5;246m│[0m
 [38;5;246m 94 │[0m [38;5;249me[0m[38;5;249mx[0m[38;5;249mp[0m[38;5;249mo[0m[38;5;249mr[0m[38;5;249mt[0m[38;5;249m [0m[38;5;249mc[0m[38;5;249mo[0m[38;5;249mn[0m[38;5;249ms[0m[38;5;249mt[0m[38;5;249m [0mupdateJobSchema[38;5;249m [0m[38;5;249m=[0m[38;5;249m [0m[38;5;249mj[0m[38;5;249mo[0m[38;5;249mb[0m[38;5;249mB[0m[38;5;249ma[0m[38;5;249ms[0m[38;5;249me[0m[38;5;249mS[0m[38;5;249mc[0m[38;5;249mh[0m[38;5;249me[0m[38;5;249mm[0m[38;5;249ma[0m[38;5;249m.[0m[38;5;249mp[0m[38;5;249ma[0m[38;5;249mr[0m[38;5;249mt[0m[38;5;249mi[0m[38;5;249ma[0m[38;5;249ml[0m[38;5;249m([0m[38;5;249m)[0m[38;5;249m.[0m[38;5;249me[0m[38;5;249mx[0m[38;5;249mt[0m[38;5;249me[0m[38;5;249mn[0m[38;5;249md[0m[38;5;249m([0m[38;5;249m{[0m
 [38;5;240m    │[0m              ───────┬───────  
 [38;5;240m    │[0m                     ╰───────── `updateJobSchema` has already been declared here
 [38;5;240m    │[0m 
 [38;5;246m106 │[0m [38;5;249me[0m[38;5;249mx[0m[38;5;249mp[0m[38;5;249mo[0m[38;5;249mr[0m[38;5;249mt[0m[38;5;249m [0m[38;5;249mc[0m[38;5;249mo[0m[38;5;249mn[0m[38;5;249ms[0m[38;5;249mt[0m[38;5;249m [0mupdateJobSchema[38;5;249m [0m[38;5;249m=[0m[38;5;249m [0m[38;5;249mz[0m[38;5;249m.[0m[38;5;249mo[0m[38;5;249mb[0m[38;5;249mj[0m[38;5;249me[0m[38;5;249mc[0m[38;5;249mt[0m[38;5;249m([0m[38;5;249m{[0m
 [38;5;240m    │[0m              ───────┬───────  
 [38;5;240m    │[0m                     ╰───────── It can not be redeclared here
[38;5;246m─────╯[0m

  Plugin: vite:oxc
  File: /Users/anilrajput/containers/homefirst-Customs/Candidate-Portal/lib/validation/schemas.ts
 ❯ transformWithOxc node_modules/vite/dist/node/chunks/node.js:3343:19
 ❯ TransformPluginContext.transform node_modules/vite/dist/node/chunks/node.js:3411:26
 ❯ EnvironmentPluginContainer.transform node_modules/vite/dist/node/chunks/node.js:30164:51
 ❯ loadAndTransform node_modules/vite/dist/node/chunks/node.js:24512:26

⎯⎯⎯⎯⎯⎯⎯⎯⎯⎯⎯⎯⎯⎯⎯⎯⎯⎯⎯⎯⎯⎯⎯[2/85]⎯

 FAIL  tests/app/job_offer/job-offer.test.tsx [ tests/app/job_offer/job-offer.test.tsx ]
Error: Transform failed with 1 error:

[31m[PARSE_ERROR] Error:[0m Identifier `mockGet` has already been declared
    [38;5;246m╭[0m[38;5;246m─[0m[38;5;246m[[0m tests/app/job_offer/job-offer.test.tsx:26:7 [38;5;246m][0m
    [38;5;246m│[0m
 [38;5;246m26 │[0m [38;5;249mc[0m[38;5;249mo[0m[38;5;249mn[0m[38;5;249ms[0m[38;5;249mt[0m[38;5;249m [0mmockGet[38;5;249m [0m[38;5;249m=[0m[38;5;249m [0m[38;5;249mv[0m[38;5;249mi[0m[38;5;249m.[0m[38;5;249mf[0m[38;5;249mn[0m[38;5;249m([0m[38;5;249m)[0m[38;5;249m;[0m
 [38;5;240m   │[0m       ───┬───  
 [38;5;240m   │[0m          ╰───── `mockGet` has already been declared here
 [38;5;240m   │[0m 
 [38;5;246m61 │[0m [38;5;249mc[0m[38;5;249mo[0m[38;5;249mn[0m[38;5;249ms[0m[38;5;249mt[0m[38;5;249m [0mmockGet[38;5;249m [0m[38;5;249m=[0m[38;5;249m [0m[38;5;249mv[0m[38;5;249mi[0m[38;5;249m.[0m[38;5;249mf[0m[38;5;249mn[0m[38;5;249m([0m[38;5;249m)[0m[38;5;249m;[0m
 [38;5;240m   │[0m       ───┬───  
 [38;5;240m   │[0m          ╰───── It can not be redeclared here
[38;5;246m────╯[0m

  Plugin: vite:oxc
  File: /Users/anilrajput/containers/homefirst-Customs/Candidate-Portal/tests/app/job_offer/job-offer.test.tsx
 ❯ transformWithOxc node_modules/vite/dist/node/chunks/node.js:3343:19
 ❯ TransformPluginContext.transform node_modules/vite/dist/node/chunks/node.js:3411:26
 ❯ EnvironmentPluginContainer.transform node_modules/vite/dist/node/chunks/node.js:30164:51
 ❯ loadAndTransform node_modules/vite/dist/node/chunks/node.js:24512:26

⎯⎯⎯⎯⎯⎯⎯⎯⎯⎯⎯⎯⎯⎯⎯⎯⎯⎯⎯⎯⎯⎯⎯[3/85]⎯


⎯⎯⎯⎯⎯⎯ Failed Tests 82 ⎯⎯⎯⎯⎯⎯⎯

 FAIL  tests/components/job-applicant-form.test.tsx > JobApplicationPage > renders loading state
 FAIL  tests/components/job-applicant-form.test.tsx > JobApplicationPage > returns null when no tabs are available
 FAIL  tests/components/job-applicant-form.test.tsx > JobApplicationPage > displays sidebar navigation
 FAIL  tests/components/job-applicant-form.test.tsx > JobApplicationPage > renders form content for current step
 FAIL  tests/components/job-applicant-form.test.tsx > JobApplicationPage > renders Next Step button on first step
 FAIL  tests/components/job-applicant-form.test.tsx > JobApplicationPage > disables Previous button on first step
 FAIL  tests/components/job-applicant-form.test.tsx > JobApplicationPage > shows initial progress in sidebar
 FAIL  tests/components/job-applicant-form.test.tsx > JobApplicationPage > has form element with test id
 FAIL  tests/components/job-applicant-form.test.tsx > JobApplicationPage > renders all form sections
 FAIL  tests/components/job-applicant-form.test.tsx > JobApplicationPage > renders both navigation buttons
 FAIL  tests/components/job-applicant-form.test.tsx > JobApplicationPage > maintains layout structure with main content
 FAIL  tests/components/jobs/job-applicant/job-applicant-form.test.tsx > JobApplicantForm > Loading State > renders loading spinner when isLoading is true
 FAIL  tests/components/jobs/job-applicant/job-applicant-form.test.tsx > JobApplicantForm > Empty State > renders null when no tabs
 FAIL  tests/components/jobs/job-applicant/job-applicant-form.test.tsx > JobApplicantForm > Form Rendering > renders step navigation sidebar
 FAIL  tests/components/jobs/job-applicant/job-applicant-form.test.tsx > JobApplicantForm > Form Rendering > renders main content area
 FAIL  tests/components/jobs/job-applicant/job-applicant-form.test.tsx > JobApplicantForm > Form Rendering > displays current step header
 FAIL  tests/components/jobs/job-applicant/job-applicant-form.test.tsx > JobApplicantForm > Form Rendering > displays job application step component
 FAIL  tests/components/jobs/job-applicant/job-applicant-form.test.tsx > JobApplicantForm > Step Navigation > navigates to next step when handleNext is called
 FAIL  tests/components/jobs/job-applicant/job-applicant-form.test.tsx > JobApplicantForm > Step Navigation > navigates to previous step when handlePrev is called
 FAIL  tests/components/jobs/job-applicant/job-applicant-form.test.tsx > JobApplicantForm > Step Navigation > prevents navigation beyond last step
 FAIL  tests/components/jobs/job-applicant/job-applicant-form.test.tsx > JobApplicantForm > Step Navigation > prevents navigation before first step
 FAIL  tests/components/jobs/job-applicant/job-applicant-form.test.tsx > JobApplicantForm > Field Validation > shows warning when required fields are missing on step change
 FAIL  tests/components/jobs/job-applicant/job-applicant-form.test.tsx > JobApplicantForm > Field Validation > allows step change when all required fields are filled
 FAIL  tests/components/jobs/job-applicant/job-applicant-form.test.tsx > JobApplicantForm > Completed Steps Tracking > marks step as complete when navigating away
 FAIL  tests/components/jobs/job-applicant/job-applicant-form.test.tsx > JobApplicantForm > Completed Steps Tracking > accumulates completed steps
 FAIL  tests/components/jobs/job-applicant/job-applicant-form.test.tsx > JobApplicantForm > Responsive Layout > renders sidebar navigation
 FAIL  tests/components/jobs/job-applicant/job-applicant-form.test.tsx > JobApplicantForm > Responsive Layout > renders main content area with proper layout
 FAIL  tests/components/jobs/job-applicant/job-applicant-form.test.tsx > JobApplicantForm > Step Key Generation > generates correct step key from tab name
 FAIL  tests/components/jobs/job-applicant/job-applicant-form.test.tsx > JobApplicantForm > Props Handling > receives and passes jobID prop correctly
Error: useAuth must be used within an AuthProvider
 ❯ useAuth lib/contexts/auth-context.tsx:161:11
    159|   const context = useContext(AuthContext)
    160|   if (context === undefined) {
    161|     throw new Error('useAuth must be used within an AuthProvider')
       |           ^
    162|   }
    163|   return context
 ❯ JobApplicationPage components/jobs/job-applicant/JobApplicantForm.tsx:21:20
 ❯ Object.react-stack-bottom-frame node_modules/react-dom/cjs/react-dom-client.development.js:23863:20
 ❯ renderWithHooks node_modules/react-dom/cjs/react-dom-client.development.js:5529:22
 ❯ updateFunctionComponent node_modules/react-dom/cjs/react-dom-client.development.js:8897:19
 ❯ beginWork node_modules/react-dom/cjs/react-dom-client.development.js:10522:18
 ❯ runWithFiberInDEV node_modules/react-dom/cjs/react-dom-client.development.js:1522:13
 ❯ performUnitOfWork node_modules/react-dom/cjs/react-dom-client.development.js:15140:22
 ❯ workLoopSync node_modules/react-dom/cjs/react-dom-client.development.js:14956:41
 ❯ renderRootSync node_modules/react-dom/cjs/react-dom-client.development.js:14936:11

⎯⎯⎯⎯⎯⎯⎯⎯⎯⎯⎯⎯⎯⎯⎯⎯⎯⎯⎯⎯⎯⎯⎯[4/85]⎯

 FAIL  tests/components/job-application-step.test.tsx > JobApplicationStep > renders form with sections and fields
 FAIL  tests/components/job-application-step.test.tsx > JobApplicationStep > renders Previous and Next buttons
 FAIL  tests/components/job-application-step.test.tsx > JobApplicationStep > disables Previous button on first step
 FAIL  tests/components/job-application-step.test.tsx > JobApplicationStep > enables Previous button on non-first step
 FAIL  tests/components/job-application-step.test.tsx > JobApplicationStep > shows 'Submit Application' button on last step
 FAIL  tests/components/job-application-step.test.tsx > JobApplicationStep > calls onPrev when Previous button is clicked
 FAIL  tests/components/job-application-step.test.tsx > JobApplicationStep > calls onNext when Next button is clicked with valid data
 FAIL  tests/components/job-application-step.test.tsx > JobApplicationStep > applies custom className
 FAIL  tests/components/job-application-step.test.tsx > JobApplicationStep > hides hidden fields
 FAIL  tests/components/job-application-step.test.tsx > JobApplicationStep > renders readonly fields as disabled
 FAIL  tests/components/job-application-step.test.tsx > JobApplicationStep > displays section title when different from tab
 FAIL  tests/components/job-application-step.test.tsx > JobApplicationStep > renders multiple sections
 FAIL  tests/components/job-application-step.test.tsx > JobApplicationStep Coverage Enhancements > renders table field correctly and handles input change via dynamic renderer
 FAIL  tests/components/job-application-step.test.tsx > JobApplicationStep Coverage Enhancements > successfully renders field override component definitions
 FAIL  tests/components/job-application-step.test.tsx > JobApplicationStep Coverage Enhancements > executes handleFileUpload logic during component interaction
 FAIL  tests/components/job-application-step.test.tsx > JobApplicationStep Coverage Enhancements > constructs final payload and processes mutation success and failure callbacks
 FAIL  tests/components/job-application-step.test.tsx > JobApplicationStep Coverage Enhancements > handles existing step data fallback and triggers effect re-sync on prop update
 FAIL  tests/components/job-application-step.test.tsx > JobApplicationStep Coverage Enhancements > properly branches form submission and invokes callback for intermediate steps
TypeError: Cannot destructure property 'mutate' of 'useCreateDraftJobApplicant(...)' as it is undefined.
 ❯ JobApplicationStep components/jobs/job-applicant/DynamicField.tsx:143:19
    141|   const { stepData, setStepData, initializeAllStepsFromDraft } = useJo…
    142|   const { mutate, isPending } = useCreateJobApplicant();
    143|   const { mutate: draftMutate, isPending: isDraftPending } =
       |                   ^
    144|     useCreateDraftJobApplicant();
    145|   const { mutate: draftUpdateMutate, isPending: isDraftUpdatePending }…
 ❯ Object.react-stack-bottom-frame node_modules/react-dom/cjs/react-dom-client.development.js:23863:20
 ❯ renderWithHooks node_modules/react-dom/cjs/react-dom-client.development.js:5529:22
 ❯ updateFunctionComponent node_modules/react-dom/cjs/react-dom-client.development.js:8897:19
 ❯ beginWork node_modules/react-dom/cjs/react-dom-client.development.js:10522:18
 ❯ runWithFiberInDEV node_modules/react-dom/cjs/react-dom-client.development.js:1522:13
 ❯ performUnitOfWork node_modules/react-dom/cjs/react-dom-client.development.js:15140:22
 ❯ workLoopSync node_modules/react-dom/cjs/react-dom-client.development.js:14956:41
 ❯ renderRootSync node_modules/react-dom/cjs/react-dom-client.development.js:14936:11
 ❯ performWorkOnRoot node_modules/react-dom/cjs/react-dom-client.development.js:14462:44

⎯⎯⎯⎯⎯⎯⎯⎯⎯⎯⎯⎯⎯⎯⎯⎯⎯⎯⎯⎯⎯⎯⎯[5/85]⎯

 FAIL  tests/components/job-detail-dialog.test.tsx > JobDetailDialog > renders job company, location, experience, and salary in description
TestingLibraryElementError: Unable to find an element with the text: 3-5 years. This could be because the text is broken up by multiple elements. In this case, you can provide a function for your text matcher to make your matcher more flexible.

Ignored nodes: comments, script, style
[36m<body[39m
  [33mdata-scroll-locked[39m=[32m"1"[39m
  [33mstyle[39m=[32m"pointer-events: none;"[39m
[36m>[39m
  [36m<span[39m
    [33maria-hidden[39m=[32m"true"[39m
    [33mdata-aria-hidden[39m=[32m"true"[39m
    [33mdata-radix-focus-guard[39m=[32m""[39m
    [33mstyle[39m=[32m"outline: none; opacity: 0; position: fixed; pointer-events: none;"[39m
    [33mtabindex[39m=[32m"0"[39m
  [36m/>[39m
  [36m<div[39m
    [33maria-hidden[39m=[32m"true"[39m
    [33mdata-aria-hidden[39m=[32m"true"[39m
  [36m/>[39m
  [36m<div[39m
    [33maria-hidden[39m=[32m"true"[39m
    [33mclass[39m=[32m"data-[state=open]:animate-in data-[state=closed]:animate-out data-[state=closed]:fade-out-0 data-[state=open]:fade-in-0 fixed inset-0 z-50 bg-black/50"[39m
    [33mdata-aria-hidden[39m=[32m"true"[39m
    [33mdata-slot[39m=[32m"dialog-overlay"[39m
    [33mdata-state[39m=[32m"open"[39m
    [33mstyle[39m=[32m"pointer-events: auto;"[39m
  [36m/>[39m
  [36m<div[39m
    [33maria-describedby[39m=[32m"radix-«rb»"[39m
    [33maria-labelledby[39m=[32m"radix-«ra»"[39m
    [33mclass[39m=[32m"bg-background data-[state=open]:animate-in data-[state=closed]:animate-out data-[state=closed]:fade-out-0 data-[state=open]:fade-in-0 data-[state=closed]:zoom-out-95 data-[state=open]:zoom-in-95 fixed top-[50%] left-[50%] z-50 grid max-w-[calc(100%-2rem)] translate-x-[-50%] translate-y-[-50%] gap-4 rounded-lg border p-6 shadow-lg duration-200 max-h-[85vh] overflow-y-auto sm:max-w-lg md:max-w-3xl w-full lg:max-w-5xl"[39m
    [33mdata-slot[39m=[32m"dialog-content"[39m
    [33mdata-state[39m=[32m"open"[39m
    [33mid[39m=[32m"radix-«r9»"[39m
    [33mrole[39m=[32m"dialog"[39m
    [33mstyle[39m=[32m"pointer-events: auto;"[39m
    [33mtabindex[39m=[32m"-1"[39m
  [36m>[39m
    [36m<div[39m
      [33mclass[39m=[32m"flex flex-col gap-2 text-center sm:text-left"[39m
      [33mdata-slot[39m=[32m"dialog-header"[39m
    [36m>[39m
      [36m<h2[39m
        [33mclass[39m=[32m"font-semibold text-lg"[39m
        [33mdata-slot[39m=[32m"dialog-title"[39m
        [33mid[39m=[32m"radix-«ra»"[39m
      [36m>[39m
        [0mSenior React Developer[0m
      [36m</h2>[39m
      [36m<p[39m
        [33mclass[39m=[32m"flex flex-wrap items-center gap-2 pt-1 text-xs text-muted-foreground"[39m
        [33mdata-slot[39m=[32m"dialog-description"[39m
        [33mid[39m=[32m"radix-«rb»"[39m
      [36m>[39m
        [36m<span[39m
          [33mclass[39m=[32m"inline-flex items-center gap-1"[39m
        [36m>[39m
          [36m<div[39m
            [33mdata-testid[39m=[32m"icon-building"[39m
          [36m/>[39m
          [0mTech Corp[0m
        [36m</span>[39m
        [36m<span[39m
          [33mclass[39m=[32m"inline-flex items-center gap-1"[39m
        [36m>[39m
          [36m<div[39m
            [33mdata-testid[39m=[32m"icon-location"[39m
          [36m/>[39m
          [0mNew York, NY[0m
        [36m</span>[39m
        [36m<span[39m
          [33mclass[39m=[32m"inline-flex items-center gap-1"[39m
        [36m>[39m
          [36m<div[39m
            [33mdata-testid[39m=[32m"icon-clock"[39m
          [36m/>[39m
          [0mFull-time[0m
        [36m</span>[39m
        [36m<span[39m
          [33mclass[39m=[32m"inline-flex items-center gap-1"[39m
        [36m>[39m
          [36m<div[39m
            [33mdata-testid[39m=[32m"icon-rupee"[39m
          [36m/>[39m
          [0m0[0m
          [0m - [0m
          [0m LPA[0m
        [36m</span>[39m
      [36m</p>[39m
    [36m</div>[39m
    [36m<div[39m
      [33mclass[39m=[32m"bg-border shrink-0 data-[orientation=horizontal]:h-px data-[orientation=horizontal]:w-full data-[orientation=vertical]:h-full data-[orientation=vertical]:w-px"[39m
      [33mdata-orientation[39m=[32m"horizontal"[39m
      [33mdata-slot[39m=[32m"separator"[39m
      [33mrole[39m=[32m"none"[39m
    [36m/>[39m
    [36m<div[39m
      [33mclass[39m=[32m"space-y-3"[39m
    [36m>[39m
      [36m<h4[39m
        [33mclass[39m=[32m"text-sm font-semibold text-foreground"[39m
      [36m>[39m
        [0mJob Description[0m
      [36m</h4>[39m
      [36m<div[39m
        [33mclass[39m=[32m"prose prose-sm max-w-none text-muted-foreground [&_ul]:list-disc [&_ul]:pl-5 [&_ol]:list-decimal [&_ol]:pl-5 [&_li]:my-0.5"[39m
      [36m>[39m
        [36m<p>[39m
          [0mBuild amazing React applications[0m
        [36m</p>[39m
      [36m</div>[39m
    [36m</div>[39m
    [36m<div[39m
      [33mclass[39m=[32m"flex flex-col-reverse gap-2 sm:flex-row sm:justify-end"[39m
      [33mdata-slot[39m=[32m"dialog-footer"[39m
    [36m>[39m
      [36m<button[39m
        [33mclass[39m=[32m"inline-flex items-center justify-center gap-2 whitespace-nowrap rounded-md text-sm font-medium transition-all disabled:pointer-events-none disabled:opacity-50 [&_svg]:pointer-events-none [&_svg:not([class*='size-'])]:size-4 shrink-0 [&_svg]:shrink-0 outline-none focus-visible:border-ring focus-visible:ring-ring/50 focus-visible:ring-[3px] aria-invalid:ring-destructive/20 dark:aria-invalid:ring-destructive/40 aria-invalid:border-destructive border bg-background shadow-xs hover:bg-accent hover:text-accent-foreground dark:bg-input/30 dark:border-input dark:hover:bg-input/50 h-9 px-4 py-2 has-[>svg]:px-3"[39m
        [33mdata-slot[39m=[32m"button"[39m
      [36m>[39m
        [0mCancel[0m
      [36m</button>[39m
      [36m<button[39m
        [33mclass[39m=[32m"inline-flex items-center justify-center gap-2 whitespace-nowrap rounded-md text-sm font-medium transition-all disabled:pointer-events-none disabled:opacity-50 [&_svg]:pointer-events-none [&_svg:not([class*='size-'])]:size-4 shrink-0 [&_svg]:shrink-0 outline-none focus-visible:border-ring focus-visible:ring-ring/50 focus-visible:ring-[3px] aria-invalid:ring-destructive/20 dark:aria-invalid:ring-destructive/40 aria-invalid:border-destructive bg-primary text-primary-foreground hover:bg-primary/90 h-9 px-4 py-2 has-[>svg]:px-3"[39m
        [33mdata-slot[39m=[32m"button"[39m
      [36m>[39m
        [0mApply[0m
      [36m</button>[39m
    [36m</div>[39m
    [36m<button[39m
      [33mclass[39m=[32m"ring-offset-background focus:ring-ring data-[state=open]:bg-accent data-[state=open]:text-muted-foreground absolute top-4 right-4 rounded-xs opacity-70 transition-opacity hover:opacity-100 focus:ring-2 focus:ring-offset-2 focus:outline-hidden disabled:pointer-events-none [&_svg]:pointer-events-none [&_svg]:shrink-0 [&_svg:not([class*='size-'])]:size-4"[39m
      [33mdata-slot[39m=[32m"dialog-close"[39m
      [33mtype[39m=[32m"button"[39m
    [36m>[39m
      [36m<svg[39m
        [33maria-hidden[39m=[32m"true"[39m
        [33mclass[39m=[32m"lucide lucide-x"[39m
        [33mfill[39m=[32m"none"[39m
        [33mheight[39m=[32m"24"[39m
        [33mstroke[39m=[32m"currentColor"[39m
        [33mstroke-linecap[39m=[32m"round"[39m
        [33mstroke-linejoin[39m=[32m"round"[39m
        [33mstroke-width[39m=[32m"2"[39m
        [33mviewBox[39m=[32m"0 0 24 24"[39m
        [33mwidth[39m=[32m"24"[39m
        [33mxmlns[39m=[32m"http://www.w3.org/2000/svg"[39m
      [36m>[39m
        [36m<path[39m
          [33md[39m=[32m"M18 6 6 18"[39m
        [36m/>[39m
        [36m<path[39m
          [33md[39m=[32m"m6 6 12 12"[39m
        [36m/>[39m
      [36m</svg>[39m
      [36m<span[39m
        [33mclass[39m=[32m"sr-only"[39m
      [36m>[39m
        [0mClose[0m
      [36m</span>[39m
    [36m</button>[39m
  [36m</div>[39m
  [36m<span[39m
    [33maria-hidden[39m=[32m"true"[39m
    [33mdata-aria-hidden[39m=[32m"true"[39m
    [33mdata-radix-focus-guard[39m=[32m""[39m
    [33mstyle[39m=[32m"outline: none; opacity: 0; position: fixed; pointer-events: none;"[39m
    [33mtabindex[39m=[32m"0"[39m
  [36m/>[39m
[36m</body>[39m
 ❯ Object.getElementError node_modules/@testing-library/dom/dist/config.js:37:19
 ❯ node_modules/@testing-library/dom/dist/query-helpers.js:76:38
 ❯ node_modules/@testing-library/dom/dist/query-helpers.js:52:17
 ❯ node_modules/@testing-library/dom/dist/query-helpers.js:95:19
 ❯ tests/components/job-detail-dialog.test.tsx:110:19
    108|     expect(screen.getByText("Tech Corp")).toBeTruthy()
    109|     expect(screen.getByText("New York, NY")).toBeTruthy()
    110|     expect(screen.getByText("3-5 years")).toBeTruthy()
       |                   ^
    111|     expect(screen.getByText("120,000 - 150,000")).toBeTruthy()
    112|   })

⎯⎯⎯⎯⎯⎯⎯⎯⎯⎯⎯⎯⎯⎯⎯⎯⎯⎯⎯⎯⎯⎯⎯[6/85]⎯

 FAIL  tests/components/job-detail-dialog.test.tsx > JobDetailDialog > renders match percentage section
TestingLibraryElementError: Unable to find an element with the text: Why you're a match. This could be because the text is broken up by multiple elements. In this case, you can provide a function for your text matcher to make your matcher more flexible.

Ignored nodes: comments, script, style
[36m<body[39m
  [33mdata-scroll-locked[39m=[32m"1"[39m
  [33mstyle[39m=[32m"pointer-events: none;"[39m
[36m>[39m
  [36m<span[39m
    [33maria-hidden[39m=[32m"true"[39m
    [33mdata-aria-hidden[39m=[32m"true"[39m
    [33mdata-radix-focus-guard[39m=[32m""[39m
    [33mstyle[39m=[32m"outline: none; opacity: 0; position: fixed; pointer-events: none;"[39m
    [33mtabindex[39m=[32m"0"[39m
  [36m/>[39m
  [36m<div[39m
    [33maria-hidden[39m=[32m"true"[39m
    [33mdata-aria-hidden[39m=[32m"true"[39m
  [36m/>[39m
  [36m<div[39m
    [33maria-hidden[39m=[32m"true"[39m
    [33mclass[39m=[32m"data-[state=open]:animate-in data-[state=closed]:animate-out data-[state=closed]:fade-out-0 data-[state=open]:fade-in-0 fixed inset-0 z-50 bg-black/50"[39m
    [33mdata-aria-hidden[39m=[32m"true"[39m
    [33mdata-slot[39m=[32m"dialog-overlay"[39m
    [33mdata-state[39m=[32m"open"[39m
    [33mstyle[39m=[32m"pointer-events: auto;"[39m
  [36m/>[39m
  [36m<div[39m
    [33maria-describedby[39m=[32m"radix-«re»"[39m
    [33maria-labelledby[39m=[32m"radix-«rd»"[39m
    [33mclass[39m=[32m"bg-background data-[state=open]:animate-in data-[state=closed]:animate-out data-[state=closed]:fade-out-0 data-[state=open]:fade-in-0 data-[state=closed]:zoom-out-95 data-[state=open]:zoom-in-95 fixed top-[50%] left-[50%] z-50 grid max-w-[calc(100%-2rem)] translate-x-[-50%] translate-y-[-50%] gap-4 rounded-lg border p-6 shadow-lg duration-200 max-h-[85vh] overflow-y-auto sm:max-w-lg md:max-w-3xl w-full lg:max-w-5xl"[39m
    [33mdata-slot[39m=[32m"dialog-content"[39m
    [33mdata-state[39m=[32m"open"[39m
    [33mid[39m=[32m"radix-«rc»"[39m
    [33mrole[39m=[32m"dialog"[39m
    [33mstyle[39m=[32m"pointer-events: auto;"[39m
    [33mtabindex[39m=[32m"-1"[39m
  [36m>[39m
    [36m<div[39m
      [33mclass[39m=[32m"flex flex-col gap-2 text-center sm:text-left"[39m
      [33mdata-slot[39m=[32m"dialog-header"[39m
    [36m>[39m
      [36m<h2[39m
        [33mclass[39m=[32m"font-semibold text-lg"[39m
        [33mdata-slot[39m=[32m"dialog-title"[39m
        [33mid[39m=[32m"radix-«rd»"[39m
      [36m>[39m
        [0mSenior React Developer[0m
      [36m</h2>[39m
      [36m<p[39m
        [33mclass[39m=[32m"flex flex-wrap items-center gap-2 pt-1 text-xs text-muted-foreground"[39m
        [33mdata-slot[39m=[32m"dialog-description"[39m
        [33mid[39m=[32m"radix-«re»"[39m
      [36m>[39m
        [36m<span[39m
          [33mclass[39m=[32m"inline-flex items-center gap-1"[39m
        [36m>[39m
          [36m<div[39m
            [33mdata-testid[39m=[32m"icon-building"[39m
          [36m/>[39m
          [0mTech Corp[0m
        [36m</span>[39m
        [36m<span[39m
          [33mclass[39m=[32m"inline-flex items-center gap-1"[39m
        [36m>[39m
          [36m<div[39m
            [33mdata-testid[39m=[32m"icon-location"[39m
          [36m/>[39m
          [0mNew York, NY[0m
        [36m</span>[39m
        [36m<span[39m
          [33mclass[39m=[32m"inline-flex items-center gap-1"[39m
        [36m>[39m
          [36m<div[39m
            [33mdata-testid[39m=[32m"icon-clock"[39m
          [36m/>[39m
          [0mFull-time[0m
        [36m</span>[39m
        [36m<span[39m
          [33mclass[39m=[32m"inline-flex items-center gap-1"[39m
        [36m>[39m
          [36m<div[39m
            [33mdata-testid[39m=[32m"icon-rupee"[39m
          [36m/>[39m
          [0m0[0m
          [0m - [0m
          [0m LPA[0m
        [36m</span>[39m
      [36m</p>[39m
    [36m</div>[39m
    [36m<div[39m
      [33mclass[39m=[32m"bg-border shrink-0 data-[orientation=horizontal]:h-px data-[orientation=horizontal]:w-full data-[orientation=vertical]:h-full data-[orientation=vertical]:w-px"[39m
      [33mdata-orientation[39m=[32m"horizontal"[39m
      [33mdata-slot[39m=[32m"separator"[39m
      [33mrole[39m=[32m"none"[39m
    [36m/>[39m
    [36m<div[39m
      [33mclass[39m=[32m"space-y-3"[39m
    [36m>[39m
      [36m<h4[39m
        [33mclass[39m=[32m"text-sm font-semibold text-foreground"[39m
      [36m>[39m
        [0mJob Description[0m
      [36m</h4>[39m
      [36m<div[39m
        [33mclass[39m=[32m"prose prose-sm max-w-none text-muted-foreground [&_ul]:list-disc [&_ul]:pl-5 [&_ol]:list-decimal [&_ol]:pl-5 [&_li]:my-0.5"[39m
      [36m>[39m
        [36m<p>[39m
          [0mBuild amazing React applications[0m
        [36m</p>[39m
      [36m</div>[39m
    [36m</div>[39m
    [36m<div[39m
      [33mclass[39m=[32m"flex flex-col-reverse gap-2 sm:flex-row sm:justify-end"[39m
      [33mdata-slot[39m=[32m"dialog-footer"[39m
    [36m>[39m
      [36m<button[39m
        [33mclass[39m=[32m"inline-flex items-center justify-center gap-2 whitespace-nowrap rounded-md text-sm font-medium transition-all disabled:pointer-events-none disabled:opacity-50 [&_svg]:pointer-events-none [&_svg:not([class*='size-'])]:size-4 shrink-0 [&_svg]:shrink-0 outline-none focus-visible:border-ring focus-visible:ring-ring/50 focus-visible:ring-[3px] aria-invalid:ring-destructive/20 dark:aria-invalid:ring-destructive/40 aria-invalid:border-destructive border bg-background shadow-xs hover:bg-accent hover:text-accent-foreground dark:bg-input/30 dark:border-input dark:hover:bg-input/50 h-9 px-4 py-2 has-[>svg]:px-3"[39m
        [33mdata-slot[39m=[32m"button"[39m
      [36m>[39m
        [0mCancel[0m
      [36m</button>[39m
      [36m<button[39m
        [33mclass[39m=[32m"inline-flex items-center justify-center gap-2 whitespace-nowrap rounded-md text-sm font-medium transition-all disabled:pointer-events-none disabled:opacity-50 [&_svg]:pointer-events-none [&_svg:not([class*='size-'])]:size-4 shrink-0 [&_svg]:shrink-0 outline-none focus-visible:border-ring focus-visible:ring-ring/50 focus-visible:ring-[3px] aria-invalid:ring-destructive/20 dark:aria-invalid:ring-destructive/40 aria-invalid:border-destructive bg-primary text-primary-foreground hover:bg-primary/90 h-9 px-4 py-2 has-[>svg]:px-3"[39m
        [33mdata-slot[39m=[32m"button"[39m
      [36m>[39m
        [0mApply[0m
      [36m</button>[39m
    [36m</div>[39m
    [36m<button[39m
      [33mclass[39m=[32m"ring-offset-background focus:ring-ring data-[state=open]:bg-accent data-[state=open]:text-muted-foreground absolute top-4 right-4 rounded-xs opacity-70 transition-opacity hover:opacity-100 focus:ring-2 focus:ring-offset-2 focus:outline-hidden disabled:pointer-events-none [&_svg]:pointer-events-none [&_svg]:shrink-0 [&_svg:not([class*='size-'])]:size-4"[39m
      [33mdata-slot[39m=[32m"dialog-close"[39m
      [33mtype[39m=[32m"button"[39m
    [36m>[39m
      [36m<svg[39m
        [33maria-hidden[39m=[32m"true"[39m
        [33mclass[39m=[32m"lucide lucide-x"[39m
        [33mfill[39m=[32m"none"[39m
        [33mheight[39m=[32m"24"[39m
        [33mstroke[39m=[32m"currentColor"[39m
        [33mstroke-linecap[39m=[32m"round"[39m
        [33mstroke-linejoin[39m=[32m"round"[39m
        [33mstroke-width[39m=[32m"2"[39m
        [33mviewBox[39m=[32m"0 0 24 24"[39m
        [33mwidth[39m=[32m"24"[39m
        [33mxmlns[39m=[32m"http://www.w3.org/2000/svg"[39m
      [36m>[39m
        [36m<path[39m
          [33md[39m=[32m"M18 6 6 18"[39m
        [36m/>[39m
        [36m<path[39m
          [33md[39m=[32m"m6 6 12 12"[39m
        [36m/>[39m
      [36m</svg>[39m
      [36m<span[39m
        [33mclass[39m=[32m"sr-only"[39m
      [36m>[39m
        [0mClose[0m
      [36m</span>[39m
    [36m</button>[39m
  [36m</div>[39m
  [36m<span[39m
    [33maria-hidden[39m=[32m"true"[39m
    [33mdata-aria-hidden[39m=[32m"true"[39m
    [33mdata-radix-focus-guard[39m=[32m""[39m
    [33mstyle[39m=[32m"outline: none; opacity: 0; position: fixed; pointer-events: none;"[39m
    [33mtabindex[39m=[32m"0"[39m
  [36m/>[39m
[36m</body>[39m
 ❯ Object.getElementError node_modules/@testing-library/dom/dist/config.js:37:19
 ❯ node_modules/@testing-library/dom/dist/query-helpers.js:76:38
 ❯ node_modules/@testing-library/dom/dist/query-helpers.js:52:17
 ❯ node_modules/@testing-library/dom/dist/query-helpers.js:95:19
 ❯ tests/components/job-detail-dialog.test.tsx:123:19
    121|     )
    122|
    123|     expect(screen.getByText("Why you're a match")).toBeTruthy()
       |                   ^
    124|     expect(screen.getByText("85%")).toBeTruthy()
    125|   })

⎯⎯⎯⎯⎯⎯⎯⎯⎯⎯⎯⎯⎯⎯⎯⎯⎯⎯⎯⎯⎯⎯⎯[7/85]⎯

 FAIL  tests/components/job-detail-dialog.test.tsx > JobDetailDialog > renders match percentage with correct styling
TestingLibraryElementError: Unable to find an element with the text: 85%. This could be because the text is broken up by multiple elements. In this case, you can provide a function for your text matcher to make your matcher more flexible.

Ignored nodes: comments, script, style
[36m<body[39m
  [33mdata-scroll-locked[39m=[32m"1"[39m
  [33mstyle[39m=[32m"pointer-events: none;"[39m
[36m>[39m
  [36m<span[39m
    [33maria-hidden[39m=[32m"true"[39m
    [33mdata-aria-hidden[39m=[32m"true"[39m
    [33mdata-radix-focus-guard[39m=[32m""[39m
    [33mstyle[39m=[32m"outline: none; opacity: 0; position: fixed; pointer-events: none;"[39m
    [33mtabindex[39m=[32m"0"[39m
  [36m/>[39m
  [36m<div[39m
    [33maria-hidden[39m=[32m"true"[39m
    [33mdata-aria-hidden[39m=[32m"true"[39m
  [36m/>[39m
  [36m<div[39m
    [33maria-hidden[39m=[32m"true"[39m
    [33mclass[39m=[32m"data-[state=open]:animate-in data-[state=closed]:animate-out data-[state=closed]:fade-out-0 data-[state=open]:fade-in-0 fixed inset-0 z-50 bg-black/50"[39m
    [33mdata-aria-hidden[39m=[32m"true"[39m
    [33mdata-slot[39m=[32m"dialog-overlay"[39m
    [33mdata-state[39m=[32m"open"[39m
    [33mstyle[39m=[32m"pointer-events: auto;"[39m
  [36m/>[39m
  [36m<div[39m
    [33maria-describedby[39m=[32m"radix-«r1c»"[39m
    [33maria-labelledby[39m=[32m"radix-«r1b»"[39m
    [33mclass[39m=[32m"bg-background data-[state=open]:animate-in data-[state=closed]:animate-out data-[state=closed]:fade-out-0 data-[state=open]:fade-in-0 data-[state=closed]:zoom-out-95 data-[state=open]:zoom-in-95 fixed top-[50%] left-[50%] z-50 grid max-w-[calc(100%-2rem)] translate-x-[-50%] translate-y-[-50%] gap-4 rounded-lg border p-6 shadow-lg duration-200 max-h-[85vh] overflow-y-auto sm:max-w-lg md:max-w-3xl w-full lg:max-w-5xl"[39m
    [33mdata-slot[39m=[32m"dialog-content"[39m
    [33mdata-state[39m=[32m"open"[39m
    [33mid[39m=[32m"radix-«r1a»"[39m
    [33mrole[39m=[32m"dialog"[39m
    [33mstyle[39m=[32m"pointer-events: auto;"[39m
    [33mtabindex[39m=[32m"-1"[39m
  [36m>[39m
    [36m<div[39m
      [33mclass[39m=[32m"flex flex-col gap-2 text-center sm:text-left"[39m
      [33mdata-slot[39m=[32m"dialog-header"[39m
    [36m>[39m
      [36m<h2[39m
        [33mclass[39m=[32m"font-semibold text-lg"[39m
        [33mdata-slot[39m=[32m"dialog-title"[39m
        [33mid[39m=[32m"radix-«r1b»"[39m
      [36m>[39m
        [0mSenior React Developer[0m
      [36m</h2>[39m
      [36m<p[39m
        [33mclass[39m=[32m"flex flex-wrap items-center gap-2 pt-1 text-xs text-muted-foreground"[39m
        [33mdata-slot[39m=[32m"dialog-description"[39m
        [33mid[39m=[32m"radix-«r1c»"[39m
      [36m>[39m
        [36m<span[39m
          [33mclass[39m=[32m"inline-flex items-center gap-1"[39m
        [36m>[39m
          [36m<div[39m
            [33mdata-testid[39m=[32m"icon-building"[39m
          [36m/>[39m
          [0mTech Corp[0m
        [36m</span>[39m
        [36m<span[39m
          [33mclass[39m=[32m"inline-flex items-center gap-1"[39m
        [36m>[39m
          [36m<div[39m
            [33mdata-testid[39m=[32m"icon-location"[39m
          [36m/>[39m
          [0mNew York, NY[0m
        [36m</span>[39m
        [36m<span[39m
          [33mclass[39m=[32m"inline-flex items-center gap-1"[39m
        [36m>[39m
          [36m<div[39m
            [33mdata-testid[39m=[32m"icon-clock"[39m
          [36m/>[39m
          [0mFull-time[0m
        [36m</span>[39m
        [36m<span[39m
          [33mclass[39m=[32m"inline-flex items-center gap-1"[39m
        [36m>[39m
          [36m<div[39m
            [33mdata-testid[39m=[32m"icon-rupee"[39m
          [36m/>[39m
          [0m0[0m
          [0m - [0m
          [0m LPA[0m
        [36m</span>[39m
      [36m</p>[39m
    [36m</div>[39m
    [36m<div[39m
      [33mclass[39m=[32m"bg-border shrink-0 data-[orientation=horizontal]:h-px data-[orientation=horizontal]:w-full data-[orientation=vertical]:h-full data-[orientation=vertical]:w-px"[39m
      [33mdata-orientation[39m=[32m"horizontal"[39m
      [33mdata-slot[39m=[32m"separator"[39m
      [33mrole[39m=[32m"none"[39m
    [36m/>[39m
    [36m<div[39m
      [33mclass[39m=[32m"space-y-3"[39m
    [36m>[39m
      [36m<h4[39m
        [33mclass[39m=[32m"text-sm font-semibold text-foreground"[39m
      [36m>[39m
        [0mJob Description[0m
      [36m</h4>[39m
      [36m<div[39m
        [33mclass[39m=[32m"prose prose-sm max-w-none text-muted-foreground [&_ul]:list-disc [&_ul]:pl-5 [&_ol]:list-decimal [&_ol]:pl-5 [&_li]:my-0.5"[39m
      [36m>[39m
        [36m<p>[39m
          [0mBuild amazing React applications[0m
        [36m</p>[39m
      [36m</div>[39m
    [36m</div>[39m
    [36m<div[39m
      [33mclass[39m=[32m"flex flex-col-reverse gap-2 sm:flex-row sm:justify-end"[39m
      [33mdata-slot[39m=[32m"dialog-footer"[39m
    [36m>[39m
      [36m<button[39m
        [33mclass[39m=[32m"inline-flex items-center justify-center gap-2 whitespace-nowrap rounded-md text-sm font-medium transition-all disabled:pointer-events-none disabled:opacity-50 [&_svg]:pointer-events-none [&_svg:not([class*='size-'])]:size-4 shrink-0 [&_svg]:shrink-0 outline-none focus-visible:border-ring focus-visible:ring-ring/50 focus-visible:ring-[3px] aria-invalid:ring-destructive/20 dark:aria-invalid:ring-destructive/40 aria-invalid:border-destructive border bg-background shadow-xs hover:bg-accent hover:text-accent-foreground dark:bg-input/30 dark:border-input dark:hover:bg-input/50 h-9 px-4 py-2 has-[>svg]:px-3"[39m
        [33mdata-slot[39m=[32m"button"[39m
      [36m>[39m
        [0mCancel[0m
      [36m</button>[39m
      [36m<button[39m
        [33mclass[39m=[32m"inline-flex items-center justify-center gap-2 whitespace-nowrap rounded-md text-sm font-medium transition-all disabled:pointer-events-none disabled:opacity-50 [&_svg]:pointer-events-none [&_svg:not([class*='size-'])]:size-4 shrink-0 [&_svg]:shrink-0 outline-none focus-visible:border-ring focus-visible:ring-ring/50 focus-visible:ring-[3px] aria-invalid:ring-destructive/20 dark:aria-invalid:ring-destructive/40 aria-invalid:border-destructive bg-primary text-primary-foreground hover:bg-primary/90 h-9 px-4 py-2 has-[>svg]:px-3"[39m
        [33mdata-slot[39m=[32m"button"[39m
      [36m>[39m
        [0mApply[0m
      [36m</button>[39m
    [36m</div>[39m
    [36m<button[39m
      [33mclass[39m=[32m"ring-offset-background focus:ring-ring data-[state=open]:bg-accent data-[state=open]:text-muted-foreground absolute top-4 right-4 rounded-xs opacity-70 transition-opacity hover:opacity-100 focus:ring-2 focus:ring-offset-2 focus:outline-hidden disabled:pointer-events-none [&_svg]:pointer-events-none [&_svg]:shrink-0 [&_svg:not([class*='size-'])]:size-4"[39m
      [33mdata-slot[39m=[32m"dialog-close"[39m
      [33mtype[39m=[32m"button"[39m
    [36m>[39m
      [36m<svg[39m
        [33maria-hidden[39m=[32m"true"[39m
        [33mclass[39m=[32m"lucide lucide-x"[39m
        [33mfill[39m=[32m"none"[39m
        [33mheight[39m=[32m"24"[39m
        [33mstroke[39m=[32m"currentColor"[39m
        [33mstroke-linecap[39m=[32m"round"[39m
        [33mstroke-linejoin[39m=[32m"round"[39m
        [33mstroke-width[39m=[32m"2"[39m
        [33mviewBox[39m=[32m"0 0 24 24"[39m
        [33mwidth[39m=[32m"24"[39m
        [33mxmlns[39m=[32m"http://www.w3.org/2000/svg"[39m
      [36m>[39m
        [36m<path[39m
          [33md[39m=[32m"M18 6 6 18"[39m
        [36m/>[39m
        [36m<path[39m
          [33md[39m=[32m"m6 6 12 12"[39m
        [36m/>[39m
      [36m</svg>[39m
      [36m<span[39m
        [33mclass[39m=[32m"sr-only"[39m
      [36m>[39m
        [0mClose[0m
      [36m</span>[39m
    [36m</button>[39m
  [36m</div>[39m
  [36m<span[39m
    [33maria-hidden[39m=[32m"true"[39m
    [33mdata-aria-hidden[39m=[32m"true"[39m
    [33mdata-radix-focus-guard[39m=[32m""[39m
    [33mstyle[39m=[32m"outline: none; opacity: 0; position: fixed; pointer-events: none;"[39m
    [33mtabindex[39m=[32m"0"[39m
  [36m/>[39m
[36m</body>[39m
 ❯ Object.getElementError node_modules/@testing-library/dom/dist/config.js:37:19
 ❯ node_modules/@testing-library/dom/dist/query-helpers.js:76:38
 ❯ node_modules/@testing-library/dom/dist/query-helpers.js:52:17
 ❯ node_modules/@testing-library/dom/dist/query-helpers.js:95:19
 ❯ tests/components/job-detail-dialog.test.tsx:283:36
    281|     )
    282|
    283|     const matchPercentage = screen.getByText("85%")
       |                                    ^
    284|     expect(matchPercentage).toBeTruthy()
    285|     expect(matchPercentage.className).toContain("font-bold")

⎯⎯⎯⎯⎯⎯⎯⎯⎯⎯⎯⎯⎯⎯⎯⎯⎯⎯⎯⎯⎯⎯⎯[8/85]⎯

 FAIL  tests/components/job-detail-dialog.test.tsx > JobDetailDialog > renders match explanation text
TestingLibraryElementError: Unable to find an element with the text: /Your resume matches key requirements/. This could be because the text is broken up by multiple elements. In this case, you can provide a function for your text matcher to make your matcher more flexible.

Ignored nodes: comments, script, style
[36m<body[39m
  [33mdata-scroll-locked[39m=[32m"1"[39m
  [33mstyle[39m=[32m"pointer-events: none;"[39m
[36m>[39m
  [36m<span[39m
    [33maria-hidden[39m=[32m"true"[39m
    [33mdata-aria-hidden[39m=[32m"true"[39m
    [33mdata-radix-focus-guard[39m=[32m""[39m
    [33mstyle[39m=[32m"outline: none; opacity: 0; position: fixed; pointer-events: none;"[39m
    [33mtabindex[39m=[32m"0"[39m
  [36m/>[39m
  [36m<div[39m
    [33maria-hidden[39m=[32m"true"[39m
    [33mdata-aria-hidden[39m=[32m"true"[39m
  [36m/>[39m
  [36m<div[39m
    [33maria-hidden[39m=[32m"true"[39m
    [33mclass[39m=[32m"data-[state=open]:animate-in data-[state=closed]:animate-out data-[state=closed]:fade-out-0 data-[state=open]:fade-in-0 fixed inset-0 z-50 bg-black/50"[39m
    [33mdata-aria-hidden[39m=[32m"true"[39m
    [33mdata-slot[39m=[32m"dialog-overlay"[39m
    [33mdata-state[39m=[32m"open"[39m
    [33mstyle[39m=[32m"pointer-events: auto;"[39m
  [36m/>[39m
  [36m<div[39m
    [33maria-describedby[39m=[32m"radix-«r1f»"[39m
    [33maria-labelledby[39m=[32m"radix-«r1e»"[39m
    [33mclass[39m=[32m"bg-background data-[state=open]:animate-in data-[state=closed]:animate-out data-[state=closed]:fade-out-0 data-[state=open]:fade-in-0 data-[state=closed]:zoom-out-95 data-[state=open]:zoom-in-95 fixed top-[50%] left-[50%] z-50 grid max-w-[calc(100%-2rem)] translate-x-[-50%] translate-y-[-50%] gap-4 rounded-lg border p-6 shadow-lg duration-200 max-h-[85vh] overflow-y-auto sm:max-w-lg md:max-w-3xl w-full lg:max-w-5xl"[39m
    [33mdata-slot[39m=[32m"dialog-content"[39m
    [33mdata-state[39m=[32m"open"[39m
    [33mid[39m=[32m"radix-«r1d»"[39m
    [33mrole[39m=[32m"dialog"[39m
    [33mstyle[39m=[32m"pointer-events: auto;"[39m
    [33mtabindex[39m=[32m"-1"[39m
  [36m>[39m
    [36m<div[39m
      [33mclass[39m=[32m"flex flex-col gap-2 text-center sm:text-left"[39m
      [33mdata-slot[39m=[32m"dialog-header"[39m
    [36m>[39m
      [36m<h2[39m
        [33mclass[39m=[32m"font-semibold text-lg"[39m
        [33mdata-slot[39m=[32m"dialog-title"[39m
        [33mid[39m=[32m"radix-«r1e»"[39m
      [36m>[39m
        [0mSenior React Developer[0m
      [36m</h2>[39m
      [36m<p[39m
        [33mclass[39m=[32m"flex flex-wrap items-center gap-2 pt-1 text-xs text-muted-foreground"[39m
        [33mdata-slot[39m=[32m"dialog-description"[39m
        [33mid[39m=[32m"radix-«r1f»"[39m
      [36m>[39m
        [36m<span[39m
          [33mclass[39m=[32m"inline-flex items-center gap-1"[39m
        [36m>[39m
          [36m<div[39m
            [33mdata-testid[39m=[32m"icon-building"[39m
          [36m/>[39m
          [0mTech Corp[0m
        [36m</span>[39m
        [36m<span[39m
          [33mclass[39m=[32m"inline-flex items-center gap-1"[39m
        [36m>[39m
          [36m<div[39m
            [33mdata-testid[39m=[32m"icon-location"[39m
          [36m/>[39m
          [0mNew York, NY[0m
        [36m</span>[39m
        [36m<span[39m
          [33mclass[39m=[32m"inline-flex items-center gap-1"[39m
        [36m>[39m
          [36m<div[39m
            [33mdata-testid[39m=[32m"icon-clock"[39m
          [36m/>[39m
          [0mFull-time[0m
        [36m</span>[39m
        [36m<span[39m
          [33mclass[39m=[32m"inline-flex items-center gap-1"[39m
        [36m>[39m
          [36m<div[39m
            [33mdata-testid[39m=[32m"icon-rupee"[39m
          [36m/>[39m
          [0m0[0m
          [0m - [0m
          [0m LPA[0m
        [36m</span>[39m
      [36m</p>[39m
    [36m</div>[39m
    [36m<div[39m
      [33mclass[39m=[32m"bg-border shrink-0 data-[orientation=horizontal]:h-px data-[orientation=horizontal]:w-full data-[orientation=vertical]:h-full data-[orientation=vertical]:w-px"[39m
      [33mdata-orientation[39m=[32m"horizontal"[39m
      [33mdata-slot[39m=[32m"separator"[39m
      [33mrole[39m=[32m"none"[39m
    [36m/>[39m
    [36m<div[39m
      [33mclass[39m=[32m"space-y-3"[39m
    [36m>[39m
      [36m<h4[39m
        [33mclass[39m=[32m"text-sm font-semibold text-foreground"[39m
      [36m>[39m
        [0mJob Description[0m
      [36m</h4>[39m
      [36m<div[39m
        [33mclass[39m=[32m"prose prose-sm max-w-none text-muted-foreground [&_ul]:list-disc [&_ul]:pl-5 [&_ol]:list-decimal [&_ol]:pl-5 [&_li]:my-0.5"[39m
      [36m>[39m
        [36m<p>[39m
          [0mBuild amazing React applications[0m
        [36m</p>[39m
      [36m</div>[39m
    [36m</div>[39m
    [36m<div[39m
      [33mclass[39m=[32m"flex flex-col-reverse gap-2 sm:flex-row sm:justify-end"[39m
      [33mdata-slot[39m=[32m"dialog-footer"[39m
    [36m>[39m
      [36m<button[39m
        [33mclass[39m=[32m"inline-flex items-center justify-center gap-2 whitespace-nowrap rounded-md text-sm font-medium transition-all disabled:pointer-events-none disabled:opacity-50 [&_svg]:pointer-events-none [&_svg:not([class*='size-'])]:size-4 shrink-0 [&_svg]:shrink-0 outline-none focus-visible:border-ring focus-visible:ring-ring/50 focus-visible:ring-[3px] aria-invalid:ring-destructive/20 dark:aria-invalid:ring-destructive/40 aria-invalid:border-destructive border bg-background shadow-xs hover:bg-accent hover:text-accent-foreground dark:bg-input/30 dark:border-input dark:hover:bg-input/50 h-9 px-4 py-2 has-[>svg]:px-3"[39m
        [33mdata-slot[39m=[32m"button"[39m
      [36m>[39m
        [0mCancel[0m
      [36m</button>[39m
      [36m<button[39m
        [33mclass[39m=[32m"inline-flex items-center justify-center gap-2 whitespace-nowrap rounded-md text-sm font-medium transition-all disabled:pointer-events-none disabled:opacity-50 [&_svg]:pointer-events-none [&_svg:not([class*='size-'])]:size-4 shrink-0 [&_svg]:shrink-0 outline-none focus-visible:border-ring focus-visible:ring-ring/50 focus-visible:ring-[3px] aria-invalid:ring-destructive/20 dark:aria-invalid:ring-destructive/40 aria-invalid:border-destructive bg-primary text-primary-foreground hover:bg-primary/90 h-9 px-4 py-2 has-[>svg]:px-3"[39m
        [33mdata-slot[39m=[32m"button"[39m
      [36m>[39m
        [0mApply[0m
      [36m</button>[39m
    [36m</div>[39m
    [36m<button[39m
      [33mclass[39m=[32m"ring-offset-background focus:ring-ring data-[state=open]:bg-accent data-[state=open]:text-muted-foreground absolute top-4 right-4 rounded-xs opacity-70 transition-opacity hover:opacity-100 focus:ring-2 focus:ring-offset-2 focus:outline-hidden disabled:pointer-events-none [&_svg]:pointer-events-none [&_svg]:shrink-0 [&_svg:not([class*='size-'])]:size-4"[39m
      [33mdata-slot[39m=[32m"dialog-close"[39m
      [33mtype[39m=[32m"button"[39m
    [36m>[39m
      [36m<svg[39m
        [33maria-hidden[39m=[32m"true"[39m
        [33mclass[39m=[32m"lucide lucide-x"[39m
        [33mfill[39m=[32m"none"[39m
        [33mheight[39m=[32m"24"[39m
        [33mstroke[39m=[32m"currentColor"[39m
        [33mstroke-linecap[39m=[32m"round"[39m
        [33mstroke-linejoin[39m=[32m"round"[39m
        [33mstroke-width[39m=[32m"2"[39m
        [33mviewBox[39m=[32m"0 0 24 24"[39m
        [33mwidth[39m=[32m"24"[39m
        [33mxmlns[39m=[32m"http://www.w3.org/2000/svg"[39m
      [36m>[39m
        [36m<path[39m
          [33md[39m=[32m"M18 6 6 18"[39m
        [36m/>[39m
        [36m<path[39m
          [33md[39m=[32m"m6 6 12 12"[39m
        [36m/>[39m
      [36m</svg>[39m
      [36m<span[39m
        [33mclass[39m=[32m"sr-only"[39m
      [36m>[39m
        [0mClose[0m
      [36m</span>[39m
    [36m</button>[39m
  [36m</div>[39m
  [36m<span[39m
    [33maria-hidden[39m=[32m"true"[39m
    [33mdata-aria-hidden[39m=[32m"true"[39m
    [33mdata-radix-focus-guard[39m=[32m""[39m
    [33mstyle[39m=[32m"outline: none; opacity: 0; position: fixed; pointer-events: none;"[39m
    [33mtabindex[39m=[32m"0"[39m
  [36m/>[39m
[36m</body>[39m
 ❯ Object.getElementError node_modules/@testing-library/dom/dist/config.js:37:19
 ❯ node_modules/@testing-library/dom/dist/query-helpers.js:76:38
 ❯ node_modules/@testing-library/dom/dist/query-helpers.js:52:17
 ❯ node_modules/@testing-library/dom/dist/query-helpers.js:95:19
 ❯ tests/components/job-detail-dialog.test.tsx:298:19
    296|     )
    297|
    298|     expect(screen.getByText(/Your resume matches key requirements/)).t…
       |                   ^
    299|   })
    300|

⎯⎯⎯⎯⎯⎯⎯⎯⎯⎯⎯⎯⎯⎯⎯⎯⎯⎯⎯⎯⎯⎯⎯[9/85]⎯

 FAIL  tests/components/action-center/assigned-tasks-list.test.tsx > AssignedTasksList Component > synchronizes correct dynamic traversal during state specific redirection routing (Lines 169, 178)
AssertionError: expected "vi.fn()" to be called with arguments: [ Array(1) ]

Number of calls: 0

 ❯ tests/components/action-center/assigned-tasks-list.test.tsx:94:22
     92|     const detailBtn = screen.getByRole("button", { name: /View Details…
     93|     fireEvent.click(detailBtn)
     94|     expect(mockPush).toHaveBeenCalledWith("/action-center/tasks/compli…
       |                      ^
     95|   })
     96| })

⎯⎯⎯⎯⎯⎯⎯⎯⎯⎯⎯⎯⎯⎯⎯⎯⎯⎯⎯⎯⎯⎯[10/85]⎯

 FAIL  tests/components/my-jobs/applied-jobs-timeline.test.tsx > AppliedJobsTimeline > Single Application > renders application card
 FAIL  tests/components/my-jobs/applied-jobs-timeline.test.tsx > AppliedJobsTimeline > Single Application > displays job title
 FAIL  tests/components/my-jobs/applied-jobs-timeline.test.tsx > AppliedJobsTimeline > Single Application > displays company name with icon
 FAIL  tests/components/my-jobs/applied-jobs-timeline.test.tsx > AppliedJobsTimeline > Single Application > displays location with icon
 FAIL  tests/components/my-jobs/applied-jobs-timeline.test.tsx > AppliedJobsTimeline > Single Application > displays experience level with icon
 FAIL  tests/components/my-jobs/applied-jobs-timeline.test.tsx > AppliedJobsTimeline > Single Application > displays job type with icon
 FAIL  tests/components/my-jobs/applied-jobs-timeline.test.tsx > AppliedJobsTimeline > Single Application > renders View Application button
 FAIL  tests/components/my-jobs/applied-jobs-timeline.test.tsx > AppliedJobsTimeline > Timeline Stages > renders all four pipeline stages
 FAIL  tests/components/my-jobs/applied-jobs-timeline.test.tsx > AppliedJobsTimeline > Timeline Stages > displays stage dates for completed stages
 FAIL  tests/components/my-jobs/applied-jobs-timeline.test.tsx > AppliedJobsTimeline > Timeline Stages > does not display date for future stages without date
 FAIL  tests/components/my-jobs/applied-jobs-timeline.test.tsx > AppliedJobsTimeline > Current Stage Tracking > indicates current stage correctly for applied
 FAIL  tests/components/my-jobs/applied-jobs-timeline.test.tsx > AppliedJobsTimeline > Current Stage Tracking > indicates current stage correctly for review
 FAIL  tests/components/my-jobs/applied-jobs-timeline.test.tsx > AppliedJobsTimeline > Current Stage Tracking > indicates current stage correctly for interview
 FAIL  tests/components/my-jobs/applied-jobs-timeline.test.tsx > AppliedJobsTimeline > Current Stage Tracking > indicates current stage correctly for transitioning
 FAIL  tests/components/my-jobs/applied-jobs-timeline.test.tsx > AppliedJobsTimeline > Multiple Applications > renders multiple application cards
 FAIL  tests/components/my-jobs/applied-jobs-timeline.test.tsx > AppliedJobsTimeline > Multiple Applications > renders correct number of cards
 FAIL  tests/components/my-jobs/applied-jobs-timeline.test.tsx > AppliedJobsTimeline > Multiple Applications > maintains separate state for each application
 FAIL  tests/components/my-jobs/applied-jobs-timeline.test.tsx > AppliedJobsTimeline > Custom className > applies custom className to root container
 FAIL  tests/components/my-jobs/applied-jobs-timeline.test.tsx > AppliedJobsTimeline > Custom className > maintains default classes with custom className
 FAIL  tests/components/my-jobs/applied-jobs-timeline.test.tsx > AppliedJobsTimeline > Stage Index Calculation > correctly maps stage keys to indices
 FAIL  tests/components/my-jobs/applied-jobs-timeline.test.tsx > AppliedJobsTimeline > Stage Index Calculation > handles unknown stage keys gracefully
 FAIL  tests/components/my-jobs/applied-jobs-timeline.test.tsx > AppliedJobsTimeline > Visual Timeline Rendering > renders timeline connector elements
 FAIL  tests/components/my-jobs/applied-jobs-timeline.test.tsx > AppliedJobsTimeline > Visual Timeline Rendering > renders stage circle indicators
 FAIL  tests/components/my-jobs/applied-jobs-timeline.test.tsx > AppliedJobsTimeline > Visual Timeline Rendering > applies different styling for completed vs pending stages
 FAIL  tests/components/my-jobs/applied-jobs-timeline.test.tsx > AppliedJobsTimeline > Application Details Rendering > renders all job details in metadata badges
 FAIL  tests/components/my-jobs/applied-jobs-timeline.test.tsx > AppliedJobsTimeline > Application Details Rendering > maintains consistent metadata badge structure
 FAIL  tests/components/my-jobs/applied-jobs-timeline.test.tsx > AppliedJobsTimeline > Special Cases > handles application with no stage dates
 FAIL  tests/components/my-jobs/applied-jobs-timeline.test.tsx > AppliedJobsTimeline > Special Cases > handles very long job titles
 FAIL  tests/components/my-jobs/applied-jobs-timeline.test.tsx > AppliedJobsTimeline > Special Cases > handles applications with special characters in fields
TypeError: Cannot read properties of undefined (reading 'filter')
 ❯ mapFlagsToStage components/my-jobs/applied-jobs-timeline.tsx:108:29
    106|  */
    107| function mapFlagsToStage(flags: ApiFlag[]): ApplicationStage {
    108|   const activeFlags = flags.filter((f) => f.flag)
       |                             ^
    109|   if (!activeFlags.length) return "pending"
    110|   const last = activeFlags[activeFlags.length - 1]
 ❯ components/my-jobs/applied-jobs-timeline.tsx:146:23
 ❯ AppliedJobsTimeline components/my-jobs/applied-jobs-timeline.tsx:145:21
 ❯ Object.react-stack-bottom-frame node_modules/react-dom/cjs/react-dom-client.development.js:23863:20
 ❯ renderWithHooks node_modules/react-dom/cjs/react-dom-client.development.js:5529:22
 ❯ updateFunctionComponent node_modules/react-dom/cjs/react-dom-client.development.js:8897:19
 ❯ beginWork node_modules/react-dom/cjs/react-dom-client.development.js:10522:18
 ❯ runWithFiberInDEV node_modules/react-dom/cjs/react-dom-client.development.js:1522:13
 ❯ performUnitOfWork node_modules/react-dom/cjs/react-dom-client.development.js:15140:22

⎯⎯⎯⎯⎯⎯⎯⎯⎯⎯⎯⎯⎯⎯⎯⎯⎯⎯⎯⎯⎯⎯[11/85]⎯

 FAIL  tests/components/my-jobs/applied-jobs-timeline.test.tsx > AppliedJobsTimeline > Empty State > renders empty container for empty applications array
Error: No QueryClient set, use QueryClientProvider to set one
 ❯ useQueryClient node_modules/@tanstack/react-query/src/QueryClientProvider.tsx:18:10
 ❯ useBaseQuery node_modules/@tanstack/react-query/src/useBaseQuery.ts:54:17
 ❯ useQuery node_modules/@tanstack/react-query/src/useQuery.ts:51:9
 ❯ useJobApplicantDetails lib/hooks/useApplicantStatus.ts:14:10
     12|
     13| export const useJobApplicantDetails = (jobApplicantName: string | null…
     14|   return useQuery({
       |          ^
     15|     queryKey: ["job-applicant-details", jobApplicantName],
     16|     queryFn: () => ApplicantStatusResponse.getJobApplicant(jobApplican…
 ❯ ViewApplicationModal components/my-jobs/view-application-modal.tsx:24:48
 ❯ Object.react-stack-bottom-frame node_modules/react-dom/cjs/react-dom-client.development.js:23863:20
 ❯ renderWithHooks node_modules/react-dom/cjs/react-dom-client.development.js:5529:22
 ❯ updateFunctionComponent node_modules/react-dom/cjs/react-dom-client.development.js:8897:19
 ❯ beginWork node_modules/react-dom/cjs/react-dom-client.development.js:10522:18
 ❯ runWithFiberInDEV node_modules/react-dom/cjs/react-dom-client.development.js:1522:13

⎯⎯⎯⎯⎯⎯⎯⎯⎯⎯⎯⎯⎯⎯⎯⎯⎯⎯⎯⎯⎯⎯[12/85]⎯


 Test Files  9 failed | 128 passed (137)
      Tests  82 failed | 1699 passed (1781)
   Start at  12:21:06
   Duration  43.01s (transform 6.51s, setup 14.49s, import 40.42s, tests 94.63s, environment 109.53s)

