[    3081ms] [ERROR] Failed to load resource: the server responded with a status of 500 (Internal Server Error) @ http://localhost:3000/onboarding:0
[    3536ms] SyntaxError: Unexpected end of JSON input
    at JSON.parse (<anonymous>)
    at loadManifest (file:///Users/pavankumarmarwaha/Documents/frappe-bench5/Candidate-Portal/node_modules/next/dist/server/load-manifest.external.js:43:25)
    at loadManifestFromRelativePath (file:///Users/pavankumarmarwaha/Documents/frappe-bench5/Candidate-Portal/node_modules/next/dist/server/load-manifest.external.js:84:16)
    at AppPageRouteModule.loadManifests (file:///Users/pavankumarmarwaha/Documents/frappe-bench5/Candidate-Portal/node_modules/next/dist/compiled/next-server/app-page.runtime.dev.js:40:28726)
    at AppPageRouteModule.prepare (file:///Users/pavankumarmarwaha/Documents/frappe-bench5/Candidate-Portal/node_modules/next/dist/compiled/next-server/app-page.runtime.dev.js:40:36772)
    at async handler (webpack-internal:///(rsc)/./node_modules/next/dist/build/webpack/loaders/next-app-loader/index.js?name=app%2F(portal)%2Fonboarding%2Fpage&page=%2F(portal)%2Fonboarding%2Fpage&appPaths=%2F(portal)%2Fonboarding%2Fpage&pagePath=private-next-app-dir%2F(portal)%2Fonboarding%2Fpage.tsx&appDir=%2FUsers%2Fpavankumarmarwaha%2FDocuments%2Ffrappe-bench5%2FCandidate-Portal%2Fapp&pageExtensions=tsx&pageExtensions=ts&pageExtensions=jsx&pageExtensions=js&rootDir=%2FUsers%2Fpavankumarmarwaha%2FDocuments%2Ffrappe-bench5%2FCandidate-Portal&isDev=true&tsconfigPath=tsconfig.json&basePath=&assetPrefix=&nextConfigOutput=&preferredRegion=&middlewareConfig=e30%3D&isGlobalNotFoundEnabled=!:195:27)
    at async DevServer.renderToResponseWithComponentsImpl (file:///Users/pavankumarmarwaha/Documents/frappe-bench5/Candidate-Portal/node_modules/next/dist/server/base-server.js:1422:9)
    at async DevServer.renderPageComponent (file:///Users/pavankumarmarwaha/Documents/frappe-bench5/Candidate-Portal/node_modules/next/dist/server/base-server.js:1474:24)
    at async DevServer.renderToResponseImpl (file:///Users/pavankumarmarwaha/Documents/frappe-bench5/Candidate-Portal/node_modules/next/dist/server/base-server.js:1514:32)
    at async DevServer.pipeImpl (file:///Users/pavankumarmarwaha/Documents/frappe-bench5/Candidate-Portal/node_modules/next/dist/server/base-server.js:1025:25)
    at async NextNodeServer.handleCatchallRenderRequest (file:///Users/pavankumarmarwaha/Documents/frappe-bench5/Candidate-Portal/node_modules/next/dist/server/next-server.js:393:17)
    at async DevServer.handleRequestImpl (file:///Users/pavankumarmarwaha/Documents/frappe-bench5/Candidate-Portal/node_modules/next/dist/server/base-server.js:916:17)
    at async (file:///Users/pavankumarmarwaha/Documents/frappe-bench5/Candidate-Portal/node_modules/next/dist/server/dev/next-dev-server.js:399:20)
    at async Span.traceAsyncFn (file:///Users/pavankumarmarwaha/Documents/frappe-bench5/Candidate-Portal/node_modules/next/dist/trace/trace.js:157:20)
    at async DevServer.handleRequest (file:///Users/pavankumarmarwaha/Documents/frappe-bench5/Candidate-Portal/node_modules/next/dist/server/dev/next-dev-server.js:395:24)
    at async invokeRender (file:///Users/pavankumarmarwaha/Documents/frappe-bench5/Candidate-Portal/node_modules/next/dist/server/lib/router-server.js:240:21)
    at async handleRequest (file:///Users/pavankumarmarwaha/Documents/frappe-bench5/Candidate-Portal/node_modules/next/dist/server/lib/router-server.js:437:24)
    at async requestHandlerImpl (file:///Users/pavankumarmarwaha/Documents/frappe-bench5/Candidate-Portal/node_modules/next/dist/server/lib/router-server.js:485:13)
    at async Server.requestListener (file:///Users/pavankumarmarwaha/Documents/frappe-bench5/Candidate-Portal/node_modules/next/dist/server/lib/start-server.js:226:13)
[    3923ms] [WARNING] [Fast Refresh] performing full reload because your application had an unrecoverable error @ webpack-internal:///(pages-dir-browser)/./node_modules/next/dist/client/dev/hot-reloader/pages/hot-reloader-pages.js:347
[    6603ms] [ERROR] Failed to load resource: the server responded with a status of 401 (Unauthorized) @ http://localhost:3000/api/onboarding:0
[    6693ms] [ERROR] Failed to load resource: the server responded with a status of 401 (Unauthorized) @ http://localhost:3000/api/onboarding:0
[   10575ms] [WARNING] The resource http://localhost:3000/_next/static/css/app/layout.css?v=1771977699302 was preloaded using link preload but not used within a few seconds from the window's load event. Please make sure it has an appropriate `as` value and it is preloaded intentionally. @ http://localhost:3000/onboarding:0
